<html>
<body>
<pre>
<h1>µVision Build Log</h1>
<h2>Tool Versions:</h2>
IDE-Version: ¦ÌVision V5.29.0.0
Copyright (C) 2019 ARM Ltd and ARM Germany GmbH. All rights reserved.
License Information: zhao Administrator, 1, LIC=NQQMA-1HDHX-BSZYX-HNQIJ-PW1ZC-9N2JT
 
Tool Versions:
Toolchain:       MDK-ARM Plus  Version: 5.29.0.0
Toolchain Path:  D:\MDK\Keil_v5\ARM\ARMCC\Bin
C Compiler:      Armcc.exe V5.06 update 6 (build 750)
Assembler:       Armasm.exe V5.06 update 6 (build 750)
Linker/Locator:  ArmLink.exe V5.06 update 6 (build 750)
Library Manager: ArmAr.exe V5.06 update 6 (build 750)
Hex Converter:   FromElf.exe V5.06 update 6 (build 750)
CPU DLL:         SARMCM3.DLL V5.29.0.0
Dialog DLL:      DCM.DLL V1.17.3.0
Target DLL:      STLink\ST-LINKIII-KEIL_SWO.dll V3.0.7.0
Dialog DLL:      TCM.DLL V1.36.5.0
 
<h2>Project:</h2>
E:\Stm32\fly\FlyControl2\MDK-ARM\FlyControl2.uvprojx
Project File Date:  03/18/2024

<h2>Output:</h2>
*** Using Compiler 'V5.06 update 6 (build 750)', folder: 'D:\MDK\Keil_v5\ARM\ARMCC\Bin'
Rebuild target 'FlyControl2'
assembling startup_stm32f405xx.s...
compiling stm32f4xx_hal_flash_ramfunc.c...
compiling stm32f4xx_it.c...
../Core/Src/stm32f4xx_it.c(347): warning:  #177-D: variable "len"  was declared but never referenced
  	uint8_t len;
../Core/Src/stm32f4xx_it.c(348): warning:  #177-D: variable "data"  was declared but never referenced
  	uint8_t data[25];
../Core/Src/stm32f4xx_it.c(372): warning:  #177-D: variable "len"  was declared but never referenced
  	uint8_t len;
../Core/Src/stm32f4xx_it.c(373): warning:  #177-D: variable "data"  was declared but never referenced
  	uint8_t data[25];
../Core/Src/stm32f4xx_it.c(397): warning:  #177-D: variable "len"  was declared but never referenced
  	uint8_t len;
../Core/Src/stm32f4xx_it.c(398): warning:  #177-D: variable "data"  was declared but never referenced
  	uint8_t data[25];
../Core/Src/stm32f4xx_it.c(436): warning:  #177-D: variable "len"  was declared but never referenced
  	uint8_t len;
../Core/Src/stm32f4xx_it.c(437): warning:  #177-D: variable "data"  was declared but never referenced
  	uint8_t data[25];
../Core/Src/stm32f4xx_it.c(461): warning:  #177-D: variable "len"  was declared but never referenced
  	uint8_t len;
../Core/Src/stm32f4xx_it.c(462): warning:  #177-D: variable "data"  was declared but never referenced
  	uint8_t data[25];
../Core/Src/stm32f4xx_it.c: 10 warnings, 0 errors
compiling com.c...
compiling stm32f4xx_hal_flash.c...
compiling stm32f4xx_hal_rcc_ex.c...
compiling stm32f4xx_hal_flash_ex.c...
compiling main.c...
compiling stm32f4xx_hal_msp.c...
compiling stm32f4xx_hal_tim_ex.c...
compiling stm32f4xx_hal_rcc.c...
compiling stm32f4xx_hal_tim.c...
compiling stm32f4xx_hal_pwr_ex.c...
compiling stm32f4xx_hal_cortex.c...
compiling stm32f4xx_hal_gpio.c...
compiling stm32f4xx_hal_pwr.c...
compiling system_stm32f4xx.c...
compiling stm32f4xx_hal_exti.c...
compiling stm32f4xx_hal.c...
compiling stm32f4xx_hal_dma.c...
compiling stm32f4xx_hal_uart.c...
compiling stm32f4xx_hal_dma_ex.c...
linking...
Program Size: Code=11714 RO-data=650 RW-data=44 ZI-data=3500  
FromELF: creating hex file...
"FlyControl2\FlyControl2.axf" - 0 Error(s), 10 Warning(s).

<h2>Software Packages used:</h2>

Package Vendor: ARM
                http://www.keil.com/pack/ARM.CMSIS.5.6.0.pack
                ARM.CMSIS.5.6.0
                CMSIS (Cortex Microcontroller Software Interface Standard)
   * Component: CORE Version: 5.3.0

Package Vendor: Keil
                http://www.keil.com/pack/Keil.STM32F4xx_DFP.2.13.0.pack
                Keil.STM32F4xx_DFP.2.13.0
                STMicroelectronics STM32F4 Series Device Support, Drivers and Examples

<h2>Collection of Component include folders:</h2>
  .\RTE\_FlyControl2
  D:\MDK\Packs\ARM\CMSIS\5.6.0\CMSIS\Core\Include
  D:\MDK\Packs\Keil\STM32F4xx_DFP\2.13.0\Drivers\CMSIS\Device\ST\STM32F4xx\Include

<h2>Collection of Component Files used:</h2>

   * Component: ARM::CMSIS:CORE:5.3.0
Build Time Elapsed:  00:00:07
</pre>
</body>
</html>
