Component: ARM Compiler 5.06 update 6 (build 750) Tool: armlink [4d35ed]

==============================================================================

Section Cross References

    startup_stm32f405xx.o(STACK) refers (Special) to heapauxi.o(.text) for __use_two_region_memory
    startup_stm32f405xx.o(HEAP) refers (Special) to heapauxi.o(.text) for __use_two_region_memory
    startup_stm32f405xx.o(RESET) refers (Special) to heapauxi.o(.text) for __use_two_region_memory
    startup_stm32f405xx.o(RESET) refers to startup_stm32f405xx.o(STACK) for __initial_sp
    startup_stm32f405xx.o(RESET) refers to startup_stm32f405xx.o(.text) for Reset_Handler
    startup_stm32f405xx.o(RESET) refers to stm32f4xx_it.o(i.NMI_Handler) for NMI_Handler
    startup_stm32f405xx.o(RESET) refers to stm32f4xx_it.o(i.HardFault_Handler) for HardFault_Handler
    startup_stm32f405xx.o(RESET) refers to stm32f4xx_it.o(i.MemManage_Handler) for MemManage_Handler
    startup_stm32f405xx.o(RESET) refers to stm32f4xx_it.o(i.BusFault_Handler) for BusFault_Handler
    startup_stm32f405xx.o(RESET) refers to stm32f4xx_it.o(i.UsageFault_Handler) for UsageFault_Handler
    startup_stm32f405xx.o(RESET) refers to stm32f4xx_it.o(i.SVC_Handler) for SVC_Handler
    startup_stm32f405xx.o(RESET) refers to stm32f4xx_it.o(i.DebugMon_Handler) for DebugMon_Handler
    startup_stm32f405xx.o(RESET) refers to stm32f4xx_it.o(i.PendSV_Handler) for PendSV_Handler
    startup_stm32f405xx.o(RESET) refers to stm32f4xx_it.o(i.SysTick_Handler) for SysTick_Handler
    startup_stm32f405xx.o(RESET) refers to stm32f4xx_it.o(i.DMA1_Stream0_IRQHandler) for DMA1_Stream0_IRQHandler
    startup_stm32f405xx.o(RESET) refers to stm32f4xx_it.o(i.DMA1_Stream1_IRQHandler) for DMA1_Stream1_IRQHandler
    startup_stm32f405xx.o(RESET) refers to stm32f4xx_it.o(i.DMA1_Stream2_IRQHandler) for DMA1_Stream2_IRQHandler
    startup_stm32f405xx.o(RESET) refers to stm32f4xx_it.o(i.DMA1_Stream3_IRQHandler) for DMA1_Stream3_IRQHandler
    startup_stm32f405xx.o(RESET) refers to stm32f4xx_it.o(i.DMA1_Stream4_IRQHandler) for DMA1_Stream4_IRQHandler
    startup_stm32f405xx.o(RESET) refers to stm32f4xx_it.o(i.DMA1_Stream5_IRQHandler) for DMA1_Stream5_IRQHandler
    startup_stm32f405xx.o(RESET) refers to stm32f4xx_it.o(i.DMA1_Stream6_IRQHandler) for DMA1_Stream6_IRQHandler
    startup_stm32f405xx.o(RESET) refers to stm32f4xx_it.o(i.TIM1_UP_TIM10_IRQHandler) for TIM1_UP_TIM10_IRQHandler
    startup_stm32f405xx.o(RESET) refers to stm32f4xx_it.o(i.USART1_IRQHandler) for USART1_IRQHandler
    startup_stm32f405xx.o(RESET) refers to stm32f4xx_it.o(i.USART2_IRQHandler) for USART2_IRQHandler
    startup_stm32f405xx.o(RESET) refers to stm32f4xx_it.o(i.USART3_IRQHandler) for USART3_IRQHandler
    startup_stm32f405xx.o(RESET) refers to stm32f4xx_it.o(i.DMA1_Stream7_IRQHandler) for DMA1_Stream7_IRQHandler
    startup_stm32f405xx.o(RESET) refers to stm32f4xx_it.o(i.UART4_IRQHandler) for UART4_IRQHandler
    startup_stm32f405xx.o(RESET) refers to stm32f4xx_it.o(i.UART5_IRQHandler) for UART5_IRQHandler
    startup_stm32f405xx.o(RESET) refers to stm32f4xx_it.o(i.DMA2_Stream1_IRQHandler) for DMA2_Stream1_IRQHandler
    startup_stm32f405xx.o(RESET) refers to stm32f4xx_it.o(i.DMA2_Stream2_IRQHandler) for DMA2_Stream2_IRQHandler
    startup_stm32f405xx.o(RESET) refers to stm32f4xx_it.o(i.DMA2_Stream6_IRQHandler) for DMA2_Stream6_IRQHandler
    startup_stm32f405xx.o(RESET) refers to stm32f4xx_it.o(i.DMA2_Stream7_IRQHandler) for DMA2_Stream7_IRQHandler
    startup_stm32f405xx.o(RESET) refers to stm32f4xx_it.o(i.USART6_IRQHandler) for USART6_IRQHandler
    startup_stm32f405xx.o(.text) refers (Special) to heapauxi.o(.text) for __use_two_region_memory
    startup_stm32f405xx.o(.text) refers to system_stm32f4xx.o(i.SystemInit) for SystemInit
    startup_stm32f405xx.o(.text) refers to __main.o(!!!main) for __main
    startup_stm32f405xx.o(.text) refers to startup_stm32f405xx.o(HEAP) for Heap_Mem
    startup_stm32f405xx.o(.text) refers to startup_stm32f405xx.o(STACK) for Stack_Mem
    com.o(i.Analysis) refers to rt_memcpy_v6.o(.text) for __aeabi_memcpy
    com.o(i.Analysis) refers to com.o(i.percentage) for percentage
    com.o(i.Analysis) refers to com.o(.bss) for .bss
    com.o(i.Analysis) refers to com.o(.constdata) for .constdata
    com.o(i.Analysis) refers to com.o(.data) for .data
    com.o(i.ComRX) refers to main.o(.data) for Com_RxLen
    com.o(i.ComRX) refers to com.o(.data) for .data
    com.o(i.ComRX) refers to main.o(.bss) for USART3_RX_BUF
    com.o(i.ComRX) refers to com.o(.bss) for .bss
    com.o(i.ComTX) refers to com.o(i.Uart1_Send_Data) for Uart1_Send_Data
    com.o(i.ComTX) refers to com.o(i.Uart2_Send_Data) for Uart2_Send_Data
    com.o(i.ComTX) refers to com.o(i.Uart4_Send_Data) for Uart4_Send_Data
    com.o(i.ComTX) refers to com.o(i.Uart5_Send_Data) for Uart5_Send_Data
[...]
    ..\Core\Src\main.c                       0x00000000   Number         0  main.o ABSOLUTE
    ..\Core\Src\stm32f4xx_hal_msp.c          0x00000000   Number         0  stm32f4xx_hal_msp.o ABSOLUTE
    ..\Core\Src\stm32f4xx_it.c               0x00000000   Number         0  stm32f4xx_it.o ABSOLUTE
    ..\Core\Src\system_stm32f4xx.c           0x00000000   Number         0  system_stm32f4xx.o ABSOLUTE
    ..\Drivers\STM32F4xx_HAL_Driver\Src\stm32f4xx_hal.c 0x00000000   Number         0  stm32f4xx_hal.o ABSOLUTE
    ..\Drivers\STM32F4xx_HAL_Driver\Src\stm32f4xx_hal_cortex.c 0x00000000   Number         0  stm32f4xx_hal_cortex.o ABSOLUTE
    ..\Drivers\STM32F4xx_HAL_Driver\Src\stm32f4xx_hal_dma.c 0x00000000   Number         0  stm32f4xx_hal_dma.o ABSOLUTE
    ..\Drivers\STM32F4xx_HAL_Driver\Src\stm32f4xx_hal_dma_ex.c 0x00000000   Number         0  stm32f4xx_hal_dma_ex.o ABSOLUTE
    ..\Drivers\STM32F4xx_HAL_Driver\Src\stm32f4xx_hal_exti.c 0x00000000   Number         0  stm32f4xx_hal_exti.o ABSOLUTE
    ..\Drivers\STM32F4xx_HAL_Driver\Src\stm32f4xx_hal_flash.c 0x00000000   Number         0  stm32f4xx_hal_flash.o ABSOLUTE
    ..\Drivers\STM32F4xx_HAL_Driver\Src\stm32f4xx_hal_flash_ex.c 0x00000000   Number         0  stm32f4xx_hal_flash_ex.o ABSOLUTE
    ..\Drivers\STM32F4xx_HAL_Driver\Src\stm32f4xx_hal_flash_ramfunc.c 0x00000000   Number         0  stm32f4xx_hal_flash_ramfunc.o ABSOLUTE
    ..\Drivers\STM32F4xx_HAL_Driver\Src\stm32f4xx_hal_gpio.c 0x00000000   Number         0  stm32f4xx_hal_gpio.o ABSOLUTE
    ..\Drivers\STM32F4xx_HAL_Driver\Src\stm32f4xx_hal_pwr.c 0x00000000   Number         0  stm32f4xx_hal_pwr.o ABSOLUTE
    ..\Drivers\STM32F4xx_HAL_Driver\Src\stm32f4xx_hal_pwr_ex.c 0x00000000   Number         0  stm32f4xx_hal_pwr_ex.o ABSOLUTE
    ..\Drivers\STM32F4xx_HAL_Driver\Src\stm32f4xx_hal_rcc.c 0x00000000   Number         0  stm32f4xx_hal_rcc.o ABSOLUTE
    ..\Drivers\STM32F4xx_HAL_Driver\Src\stm32f4xx_hal_rcc_ex.c 0x00000000   Number         0  stm32f4xx_hal_rcc_ex.o ABSOLUTE
    ..\Drivers\STM32F4xx_HAL_Driver\Src\stm32f4xx_hal_tim.c 0x00000000   Number         0  stm32f4xx_hal_tim.o ABSOLUTE
    ..\Drivers\STM32F4xx_HAL_Driver\Src\stm32f4xx_hal_tim_ex.c 0x00000000   Number         0  stm32f4xx_hal_tim_ex.o ABSOLUTE
    ..\Drivers\STM32F4xx_HAL_Driver\Src\stm32f4xx_hal_uart.c 0x00000000   Number         0  stm32f4xx_hal_uart.o ABSOLUTE
    ..\\Core\\Src\\com.c                     0x00000000   Number         0  com.o ABSOLUTE
    dc.s                                     0x00000000   Number         0  dc.o ABSOLUTE
    startup_stm32f405xx.s                    0x00000000   Number         0  startup_stm32f405xx.o ABSOLUTE
    RESET                                    0x08000000   Section      392  startup_stm32f405xx.o(RESET)
    !!!main                                  0x08000188   Section        8  __main.o(!!!main)
    !!!scatter                               0x08000190   Section       52  __scatter.o(!!!scatter)
    !!handler_copy                           0x080001c4   Section       26  __scatter_copy.o(!!handler_copy)
    !!handler_zi                             0x080001e0   Section       28  __scatter_zi.o(!!handler_zi)
    .ARM.Collect$$libinit$$00000000          0x080001fc   Section        2  libinit.o(.ARM.Collect$$libinit$$00000000)
    .ARM.Collect$$libinit$$00000001          0x080001fe   Section        4  libinit2.o(.ARM.Collect$$libinit$$00000001)
    .ARM.Collect$$libinit$$00000004          0x08000202   Section        0  libinit2.o(.ARM.Collect$$libinit$$00000004)
    .ARM.Collect$$libinit$$0000000A          0x08000202   Section        0  libinit2.o(.ARM.Collect$$libinit$$0000000A)
    .ARM.Collect$$libinit$$0000000C          0x08000202   Section        0  libinit2.o(.ARM.Collect$$libinit$$0000000C)
    .ARM.Collect$$libinit$$0000000E          0x08000202   Section        0  libinit2.o(.ARM.Collect$$libinit$$0000000E)
    .ARM.Collect$$libinit$$00000011          0x08000202   Section        0  libinit2.o(.ARM.Collect$$libinit$$00000011)
    .ARM.Collect$$libinit$$00000013          0x08000202   Section        0  libinit2.o(.ARM.Collect$$libinit$$00000013)
    .ARM.Collect$$libinit$$00000015          0x08000202   Section        0  libinit2.o(.ARM.Collect$$libinit$$00000015)
    .ARM.Collect$$libinit$$00000017          0x08000202   Section        0  libinit2.o(.ARM.Collect$$libinit$$00000017)
    .ARM.Collect$$libinit$$00000019          0x08000202   Section        0  libinit2.o(.ARM.Collect$$libinit$$00000019)
    .ARM.Collect$$libinit$$0000001B          0x08000202   Section        0  libinit2.o(.ARM.Collect$$libinit$$0000001B)
    .ARM.Collect$$libinit$$0000001D          0x08000202   Section        0  libinit2.o(.ARM.Collect$$libinit$$0000001D)
    .ARM.Collect$$libinit$$0000001F          0x08000202   Section        0  libinit2.o(.ARM.Collect$$libinit$$0000001F)
    .ARM.Collect$$libinit$$00000021          0x08000202   Section        0  libinit2.o(.ARM.Collect$$libinit$$00000021)
    .ARM.Collect$$libinit$$00000023          0x08000202   Section        0  libinit2.o(.ARM.Collect$$libinit$$00000023)
    .ARM.Collect$$libinit$$00000025          0x08000202   Section        0  libinit2.o(.ARM.Collect$$libinit$$00000025)
    .ARM.Collect$$libinit$$0000002C          0x08000202   Section        0  libinit2.o(.ARM.Collect$$libinit$$0000002C)
    .ARM.Collect$$libinit$$0000002E          0x08000202   Section        0  libinit2.o(.ARM.Collect$$libinit$$0000002E)
    .ARM.Collect$$libinit$$00000030          0x08000202   Section        0  libinit2.o(.ARM.Collect$$libinit$$00000030)
    .ARM.Collect$$libinit$$00000032          0x08000202   Section        0  libinit2.o(.ARM.Collect$$libinit$$00000032)
    .ARM.Collect$$libinit$$00000033          0x08000202   Section        2  libinit2.o(.ARM.Collect$$libinit$$00000033)
    .ARM.Collect$$libshutdown$$00000000      0x08000204   Section        2  libshutdown.o(.ARM.Collect$$libshutdown$$00000000)
    .ARM.Collect$$libshutdown$$00000002      0x08000206   Section        0  libshutdown2.o(.ARM.Collect$$libshutdown$$00000002)
    .ARM.Collect$$libshutdown$$00000004      0x08000206   Section        0  libshutdown2.o(.ARM.Collect$$libshutdown$$00000004)
    .ARM.Collect$$libshutdown$$00000007      0x08000206   Section        0  libshutdown2.o(.ARM.Collect$$libshutdown$$00000007)
    .ARM.Collect$$libshutdown$$0000000A      0x08000206   Section        0  libshutdown2.o(.ARM.Collect$$libshutdown$$0000000A)
    .ARM.Collect$$libshutdown$$0000000C      0x08000206   Section        0  libshutdown2.o(.ARM.Collect$$libshutdown$$0000000C)
    .ARM.Collect$$libshutdown$$0000000F      0x08000206   Section        0  libshutdown2.o(.ARM.Collect$$libshutdown$$0000000F)
    .ARM.Collect$$libshutdown$$00000010      0x08000206   Section        2  libshutdown2.o(.ARM.Collect$$libshutdown$$00000010)
    .ARM.Collect$$rtentry$$00000000          0x08000208   Section        0  __rtentry.o(.ARM.Collect$$rtentry$$00000000)
    .ARM.Collect$$rtentry$$00000002          0x08000208   Section        0  __rtentry2.o(.ARM.Collect$$rtentry$$00000002)
    .ARM.Collect$$rtentry$$00000004          0x08000208   Section        6  __rtentry4.o(.ARM.Collect$$rtentry$$00000004)
    .ARM.Collect$$rtentry$$00000009          0x0800020e   Section        0  __rtentry2.o(.ARM.Collect$$rtentry$$00000009)
    .ARM.Collect$$rtentry$$0000000A          0x0800020e   Section        4  __rtentry2.o(.ARM.Collect$$rtentry$$0000000A)
    .ARM.Collect$$rtentry$$0000000C          0x08000212   Section        0  __rtentry2.o(.ARM.Collect$$rtentry$$0000000C)
    .ARM.Collect$$rtentry$$0000000D          0x08000212   Section        8  __rtentry2.o(.ARM.Collect$$rtentry$$0000000D)
    .ARM.Collect$$rtexit$$00000000           0x0800021a   Section        2  rtexit.o(.ARM.Collect$$rtexit$$00000000)
    .ARM.Collect$$rtexit$$00000002           0x0800021c   Section        0  rtexit2.o(.ARM.Collect$$rtexit$$00000002)
    .ARM.Collect$$rtexit$$00000003           0x0800021c   Section        4  rtexit2.o(.ARM.Collect$$rtexit$$00000003)
    .ARM.Collect$$rtexit$$00000004           0x08000220   Section        6  rtexit2.o(.ARM.Collect$$rtexit$$00000004)
    .text                                    0x08000228   Section       64  startup_stm32f405xx.o(.text)
    $v0                                      0x08000228   Number         0  startup_stm32f405xx.o(.text)
    .text                                    0x08000268   Section      238  lludivv7m.o(.text)
    .text                                    0x08000356   Section      138  rt_memcpy_v6.o(.text)
    .text                                    0x080003e0   Section       78  rt_memclr_w.o(.text)
    .text                                    0x0800042e   Section        0  heapauxi.o(.text)
    .text                                    0x08000434   Section      100  rt_memcpy_w.o(.text)
    .text                                    0x08000498   Section       74  sys_stackheap_outer.o(.text)
    .text                                    0x080004e2   Section        0  exit.o(.text)
    .text                                    0x080004f4   Section        8  libspace.o(.text)
    .text                                    0x080004fc   Section        0  sys_exit.o(.text)
    .text                                    0x08000508   Section        2  use_no_semi.o(.text)
    .text                                    0x0800050a   Section        0  indicate_semi.o(.text)
    i.Analysis                               0x0800050c   Section        0  com.o(i.Analysis)
    i.BusFault_Handler                       0x08000598   Section        0  stm32f4xx_it.o(i.BusFault_Handler)
    i.ComRX                                  0x0800059c   Section        0  com.o(i.ComRX)
    i.ComTX                                  0x08000648   Section        0  com.o(i.ComTX)
    i.DMA1_Stream0_IRQHandler                0x08000668   Section        0  stm32f4xx_it.o(i.DMA1_Stream0_IRQHandler)
    i.DMA1_Stream1_IRQHandler                0x08000674   Section        0  stm32f4xx_it.o(i.DMA1_Stream1_IRQHandler)
    i.DMA1_Stream2_IRQHandler                0x08000680   Section        0  stm32f4xx_it.o(i.DMA1_Stream2_IRQHandler)
    i.DMA1_Stream3_IRQHandler                0x0800068c   Section        0  stm32f4xx_it.o(i.DMA1_Stream3_IRQHandler)
    i.DMA1_Stream4_IRQHandler                0x08000698   Section        0  stm32f4xx_it.o(i.DMA1_Stream4_IRQHandler)
    i.DMA1_Stream5_IRQHandler                0x080006a4   Section        0  stm32f4xx_it.o(i.DMA1_Stream5_IRQHandler)
    i.DMA1_Stream6_IRQHandler                0x080006b0   Section        0  stm32f4xx_it.o(i.DMA1_Stream6_IRQHandler)
    i.DMA1_Stream7_IRQHandler                0x080006bc   Section        0  stm32f4xx_it.o(i.DMA1_Stream7_IRQHandler)
    i.DMA2_Stream1_IRQHandler                0x080006c8   Section        0  stm32f4xx_it.o(i.DMA2_Stream1_IRQHandler)
    i.DMA2_Stream2_IRQHandler                0x080006d4   Section        0  stm32f4xx_it.o(i.DMA2_Stream2_IRQHandler)
    i.DMA2_Stream6_IRQHandler                0x080006e0   Section        0  stm32f4xx_it.o(i.DMA2_Stream6_IRQHandler)
    i.DMA2_Stream7_IRQHandler                0x080006ec   Section        0  stm32f4xx_it.o(i.DMA2_Stream7_IRQHandler)
    i.DMA_CalcBaseAndBitshift                0x080006f8   Section        0  stm32f4xx_hal_dma.o(i.DMA_CalcBaseAndBitshift)
    DMA_CalcBaseAndBitshift                  0x080006f9   Thumb Code    34  stm32f4xx_hal_dma.o(i.DMA_CalcBaseAndBitshift)
    i.DMA_CheckFifoParam                     0x08000720   Section        0  stm32f4xx_hal_dma.o(i.DMA_CheckFifoParam)
    DMA_CheckFifoParam                       0x08000721   Thumb Code    84  stm32f4xx_hal_dma.o(i.DMA_CheckFifoParam)
    i.DMA_SetConfig                          0x08000774   Section        0  stm32f4xx_hal_dma.o(i.DMA_SetConfig)
    DMA_SetConfig                            0x08000775   Thumb Code    40  stm32f4xx_hal_dma.o(i.DMA_SetConfig)
    i.DebugMon_Handler                       0x0800079c   Section        0  stm32f4xx_it.o(i.DebugMon_Handler)
    i.Error_Handler                          0x0800079e   Section        0  main.o(i.Error_Handler)
    i.HAL_DMA_Abort                          0x080007a2   Section        0  stm32f4xx_hal_dma.o(i.HAL_DMA_Abort)
    i.HAL_DMA_Abort_IT                       0x08000830   Section        0  stm32f4xx_hal_dma.o(i.HAL_DMA_Abort_IT)
    i.HAL_DMA_IRQHandler                     0x08000854   Section        0  stm32f4xx_hal_dma.o(i.HAL_DMA_IRQHandler)
    i.HAL_DMA_Init                           0x080009f4   Section        0  stm32f4xx_hal_dma.o(i.HAL_DMA_Init)
    i.HAL_DMA_Start_IT                       0x08000ac8   Section        0  stm32f4xx_hal_dma.o(i.HAL_DMA_Start_IT)
    i.HAL_GPIO_Init                          0x08000b38   Section        0  stm32f4xx_hal_gpio.o(i.HAL_GPIO_Init)
    i.HAL_GetTick                            0x08000cf0   Section        0  stm32f4xx_hal.o(i.HAL_GetTick)
    i.HAL_IncTick                            0x08000cfc   Section        0  stm32f4xx_hal.o(i.HAL_IncTick)
    i.HAL_Init                               0x08000d0c   Section        0  stm32f4xx_hal.o(i.HAL_Init)
    i.HAL_InitTick                           0x08000d40   Section        0  stm32f4xx_hal.o(i.HAL_InitTick)
    i.HAL_MspInit                            0x08000d80   Section        0  stm32f4xx_hal_msp.o(i.HAL_MspInit)
    i.HAL_NVIC_EnableIRQ                     0x08000db4   Section        0  stm32f4xx_hal_cortex.o(i.HAL_NVIC_EnableIRQ)
    i.HAL_NVIC_SetPriority                   0x08000dd0   Section        0  stm32f4xx_hal_cortex.o(i.HAL_NVIC_SetPriority)
    i.HAL_NVIC_SetPriorityGrouping           0x08000e10   Section        0  stm32f4xx_hal_cortex.o(i.HAL_NVIC_SetPriorityGrouping)
    i.HAL_RCC_ClockConfig                    0x08000e34   Section        0  stm32f4xx_hal_rcc.o(i.HAL_RCC_ClockConfig)
    i.HAL_RCC_GetPCLK1Freq                   0x08000f68   Section        0  stm32f4xx_hal_rcc.o(i.HAL_RCC_GetPCLK1Freq)
    i.HAL_RCC_GetPCLK2Freq                   0x08000f88   Section        0  stm32f4xx_hal_rcc.o(i.HAL_RCC_GetPCLK2Freq)
    i.HAL_RCC_GetSysClockFreq                0x08000fa8   Section        0  stm32f4xx_hal_rcc.o(i.HAL_RCC_GetSysClockFreq)
    i.HAL_RCC_OscConfig                      0x08001008   Section        0  stm32f4xx_hal_rcc.o(i.HAL_RCC_OscConfig)
    i.HAL_SYSTICK_Config                     0x08001364   Section        0  stm32f4xx_hal_cortex.o(i.HAL_SYSTICK_Config)
    i.HAL_TIMEx_BreakCallback                0x0800138c   Section        0  stm32f4xx_hal_tim_ex.o(i.HAL_TIMEx_BreakCallback)
    i.HAL_TIMEx_CommutCallback               0x0800138e   Section        0  stm32f4xx_hal_tim_ex.o(i.HAL_TIMEx_CommutCallback)
    i.HAL_TIMEx_ConfigBreakDeadTime          0x08001390   Section        0  stm32f4xx_hal_tim_ex.o(i.HAL_TIMEx_ConfigBreakDeadTime)
    i.HAL_TIMEx_MasterConfigSynchronization  0x080013e4   Section        0  stm32f4xx_hal_tim_ex.o(i.HAL_TIMEx_MasterConfigSynchronization)
    i.HAL_TIM_Base_Init                      0x08001474   Section        0  stm32f4xx_hal_tim.o(i.HAL_TIM_Base_Init)
    i.HAL_TIM_Base_MspInit                   0x080014ac   Section        0  stm32f4xx_hal_msp.o(i.HAL_TIM_Base_MspInit)
    i.HAL_TIM_ConfigClockSource              0x080014e8   Section        0  stm32f4xx_hal_tim.o(i.HAL_TIM_ConfigClockSource)
    i.HAL_TIM_IC_CaptureCallback             0x080015be   Section        0  stm32f4xx_hal_tim.o(i.HAL_TIM_IC_CaptureCallback)
    i.HAL_TIM_IC_Start_IT                    0x080015c0   Section        0  stm32f4xx_hal_tim.o(i.HAL_TIM_IC_Start_IT)
    i.HAL_TIM_IRQHandler                     0x08001616   Section        0  stm32f4xx_hal_tim.o(i.HAL_TIM_IRQHandler)
    i.HAL_TIM_OC_DelayElapsedCallback        0x0800177c   Section        0  stm32f4xx_hal_tim.o(i.HAL_TIM_OC_DelayElapsedCallback)
    i.HAL_TIM_PWM_ConfigChannel              0x0800177e   Section        0  stm32f4xx_hal_tim.o(i.HAL_TIM_PWM_ConfigChannel)
    i.HAL_TIM_PWM_Init                       0x0800184e   Section        0  stm32f4xx_hal_tim.o(i.HAL_TIM_PWM_Init)
    i.HAL_TIM_PWM_MspInit                    0x08001884   Section        0  stm32f4xx_hal_tim.o(i.HAL_TIM_PWM_MspInit)
    i.HAL_TIM_PWM_PulseFinishedCallback      0x08001886   Section        0  stm32f4xx_hal_tim.o(i.HAL_TIM_PWM_PulseFinishedCallback)
    i.HAL_TIM_PWM_Start                      0x08001888   Section        0  stm32f4xx_hal_tim.o(i.HAL_TIM_PWM_Start)
    i.HAL_TIM_PeriodElapsedCallback          0x080018cc   Section        0  stm32f4xx_hal_tim.o(i.HAL_TIM_PeriodElapsedCallback)
    i.HAL_TIM_TriggerCallback                0x080018ce   Section        0  stm32f4xx_hal_tim.o(i.HAL_TIM_TriggerCallback)
    i.HAL_UART_DMAStop                       0x080018d0   Section        0  stm32f4xx_hal_uart.o(i.HAL_UART_DMAStop)
    i.HAL_UART_ErrorCallback                 0x08001928   Section        0  stm32f4xx_hal_uart.o(i.HAL_UART_ErrorCallback)
    i.HAL_UART_IRQHandler                    0x0800192c   Section        0  stm32f4xx_hal_uart.o(i.HAL_UART_IRQHandler)
    i.HAL_UART_Init                          0x08001a40   Section        0  stm32f4xx_hal_uart.o(i.HAL_UART_Init)
    i.HAL_UART_MspInit                       0x08001aa4   Section        0  stm32f4xx_hal_msp.o(i.HAL_UART_MspInit)
    i.HAL_UART_Receive_DMA                   0x08001f6c   Section        0  stm32f4xx_hal_uart.o(i.HAL_UART_Receive_DMA)
    i.HAL_UART_RxCpltCallback                0x08002004   Section        0  stm32f4xx_hal_uart.o(i.HAL_UART_RxCpltCallback)
    i.HAL_UART_RxHalfCpltCallback            0x08002006   Section        0  stm32f4xx_hal_uart.o(i.HAL_UART_RxHalfCpltCallback)
    i.HAL_UART_Transmit_DMA                  0x08002008   Section        0  stm32f4xx_hal_uart.o(i.HAL_UART_Transmit_DMA)
    i.HAL_UART_TxCpltCallback                0x08002088   Section        0  stm32f4xx_hal_uart.o(i.HAL_UART_TxCpltCallback)
    i.HAL_UART_TxHalfCpltCallback            0x0800208a   Section        0  stm32f4xx_hal_uart.o(i.HAL_UART_TxHalfCpltCallback)
    i.HardFault_Handler                      0x0800208c   Section        0  stm32f4xx_it.o(i.HardFault_Handler)
    i.MX_DMA_Init                            0x08002090   Section        0  main.o(i.MX_DMA_Init)
    MX_DMA_Init                              0x08002091   Thumb Code   232  main.o(i.MX_DMA_Init)
    i.MX_GPIO_Init                           0x0800217c   Section        0  main.o(i.MX_GPIO_Init)
    MX_GPIO_Init                             0x0800217d   Thumb Code    86  main.o(i.MX_GPIO_Init)
    i.MX_TIM1_Init                           0x080021d8   Section        0  main.o(i.MX_TIM1_Init)
    MX_TIM1_Init                             0x080021d9   Thumb Code   216  main.o(i.MX_TIM1_Init)
    i.MX_UART4_Init                          0x080022b8   Section        0  main.o(i.MX_UART4_Init)
    MX_UART4_Init                            0x080022b9   Thumb Code    68  main.o(i.MX_UART4_Init)
    i.MX_UART5_Init                          0x08002304   Section        0  main.o(i.MX_UART5_Init)
    MX_UART5_Init                            0x08002305   Thumb Code    68  main.o(i.MX_UART5_Init)
    i.MX_USART1_UART_Init                    0x08002350   Section        0  main.o(i.MX_USART1_UART_Init)
    MX_USART1_UART_Init                      0x08002351   Thumb Code    66  main.o(i.MX_USART1_UART_Init)
    i.MX_USART2_UART_Init                    0x080023a0   Section        0  main.o(i.MX_USART2_UART_Init)
    MX_USART2_UART_Init                      0x080023a1   Thumb Code    66  main.o(i.MX_USART2_UART_Init)
    i.MX_USART3_UART_Init                    0x080023f0   Section        0  main.o(i.MX_USART3_UART_Init)
    MX_USART3_UART_Init                      0x080023f1   Thumb Code    66  main.o(i.MX_USART3_UART_Init)
    i.MX_USART6_UART_Init                    0x08002440   Section        0  main.o(i.MX_USART6_UART_Init)
    MX_USART6_UART_Init                      0x08002441   Thumb Code    72  main.o(i.MX_USART6_UART_Init)
    i.MemManage_Handler                      0x08002498   Section        0  stm32f4xx_it.o(i.MemManage_Handler)
    i.NMI_Handler                            0x0800249a   Section        0  stm32f4xx_it.o(i.NMI_Handler)
    i.PendSV_Handler                         0x0800249c   Section        0  stm32f4xx_it.o(i.PendSV_Handler)
    i.SVC_Handler                            0x0800249e   Section        0  stm32f4xx_it.o(i.SVC_Handler)
    i.SysTick_Handler                        0x080024a0   Section        0  stm32f4xx_it.o(i.SysTick_Handler)
    i.SystemClock_Config                     0x080024a4   Section        0  main.o(i.SystemClock_Config)
    i.SystemInit                             0x08002538   Section        0  system_stm32f4xx.o(i.SystemInit)
    i.TIM1_UP_TIM10_IRQHandler               0x08002554   Section        0  stm32f4xx_it.o(i.TIM1_UP_TIM10_IRQHandler)
    i.TIM_Base_SetConfig                     0x08002580   Section        0  stm32f4xx_hal_tim.o(i.TIM_Base_SetConfig)
    i.TIM_CCxChannelCmd                      0x08002648   Section        0  stm32f4xx_hal_tim.o(i.TIM_CCxChannelCmd)
    i.TIM_ETR_SetConfig                      0x08002662   Section        0  stm32f4xx_hal_tim.o(i.TIM_ETR_SetConfig)
    i.TIM_ITRx_SetConfig                     0x08002676   Section        0  stm32f4xx_hal_tim.o(i.TIM_ITRx_SetConfig)
    TIM_ITRx_SetConfig                       0x08002677   Thumb Code    16  stm32f4xx_hal_tim.o(i.TIM_ITRx_SetConfig)
    i.TIM_OC1_SetConfig                      0x08002688   Section        0  stm32f4xx_hal_tim.o(i.TIM_OC1_SetConfig)
    TIM_OC1_SetConfig                        0x08002689   Thumb Code    88  stm32f4xx_hal_tim.o(i.TIM_OC1_SetConfig)
    i.TIM_OC2_SetConfig                      0x080026e8   Section        0  stm32f4xx_hal_tim.o(i.TIM_OC2_SetConfig)
    i.TIM_OC3_SetConfig                      0x08002754   Section        0  stm32f4xx_hal_tim.o(i.TIM_OC3_SetConfig)
    TIM_OC3_SetConfig                        0x08002755   Thumb Code    96  stm32f4xx_hal_tim.o(i.TIM_OC3_SetConfig)
    i.TIM_OC4_SetConfig                      0x080027bc   Section        0  stm32f4xx_hal_tim.o(i.TIM_OC4_SetConfig)
    TIM_OC4_SetConfig                        0x080027bd   Thumb Code    70  stm32f4xx_hal_tim.o(i.TIM_OC4_SetConfig)
    i.TIM_TI1_ConfigInputStage               0x0800280c   Section        0  stm32f4xx_hal_tim.o(i.TIM_TI1_ConfigInputStage)
    TIM_TI1_ConfigInputStage                 0x0800280d   Thumb Code    34  stm32f4xx_hal_tim.o(i.TIM_TI1_ConfigInputStage)
    i.TIM_TI2_ConfigInputStage               0x0800282e   Section        0  stm32f4xx_hal_tim.o(i.TIM_TI2_ConfigInputStage)
    TIM_TI2_ConfigInputStage                 0x0800282f   Thumb Code    36  stm32f4xx_hal_tim.o(i.TIM_TI2_ConfigInputStage)
    i.UART4_IRQHandler                       0x08002854   Section        0  stm32f4xx_it.o(i.UART4_IRQHandler)
    i.UART5_IRQHandler                       0x080028a0   Section        0  stm32f4xx_it.o(i.UART5_IRQHandler)
    i.UART_DMAAbortOnError                   0x080028ec   Section        0  stm32f4xx_hal_uart.o(i.UART_DMAAbortOnError)
    UART_DMAAbortOnError                     0x080028ed   Thumb Code    16  stm32f4xx_hal_uart.o(i.UART_DMAAbortOnError)
    i.UART_DMAError                          0x080028fc   Section        0  stm32f4xx_hal_uart.o(i.UART_DMAError)
    UART_DMAError                            0x080028fd   Thumb Code    74  stm32f4xx_hal_uart.o(i.UART_DMAError)
    i.UART_DMAReceiveCplt                    0x08002946   Section        0  stm32f4xx_hal_uart.o(i.UART_DMAReceiveCplt)
    UART_DMAReceiveCplt                      0x08002947   Thumb Code    60  stm32f4xx_hal_uart.o(i.UART_DMAReceiveCplt)
    i.UART_DMARxHalfCplt                     0x08002982   Section        0  stm32f4xx_hal_uart.o(i.UART_DMARxHalfCplt)
    UART_DMARxHalfCplt                       0x08002983   Thumb Code    10  stm32f4xx_hal_uart.o(i.UART_DMARxHalfCplt)
    i.UART_DMATransmitCplt                   0x0800298c   Section        0  stm32f4xx_hal_uart.o(i.UART_DMATransmitCplt)
    UART_DMATransmitCplt                     0x0800298d   Thumb Code    46  stm32f4xx_hal_uart.o(i.UART_DMATransmitCplt)
    i.UART_DMATxHalfCplt                     0x080029ba   Section        0  stm32f4xx_hal_uart.o(i.UART_DMATxHalfCplt)
    UART_DMATxHalfCplt                       0x080029bb   Thumb Code    10  stm32f4xx_hal_uart.o(i.UART_DMATxHalfCplt)
    i.UART_EndRxTransfer                     0x080029c4   Section        0  stm32f4xx_hal_uart.o(i.UART_EndRxTransfer)
    UART_EndRxTransfer                       0x080029c5   Thumb Code    28  stm32f4xx_hal_uart.o(i.UART_EndRxTransfer)
    i.UART_EndTxTransfer                     0x080029e0   Section        0  stm32f4xx_hal_uart.o(i.UART_EndTxTransfer)
    UART_EndTxTransfer                       0x080029e1   Thumb Code    18  stm32f4xx_hal_uart.o(i.UART_EndTxTransfer)
    i.UART_Receive_IT                        0x080029f2   Section        0  stm32f4xx_hal_uart.o(i.UART_Receive_IT)
    UART_Receive_IT                          0x080029f3   Thumb Code   150  stm32f4xx_hal_uart.o(i.UART_Receive_IT)
    i.UART_SetConfig                         0x08002a88   Section        0  stm32f4xx_hal_uart.o(i.UART_SetConfig)
    UART_SetConfig                           0x08002a89   Thumb Code   286  stm32f4xx_hal_uart.o(i.UART_SetConfig)
    i.UART_Transmit_IT                       0x08002bb0   Section        0  stm32f4xx_hal_uart.o(i.UART_Transmit_IT)
    UART_Transmit_IT                         0x08002bb1   Thumb Code    98  stm32f4xx_hal_uart.o(i.UART_Transmit_IT)
    i.USART1_IRQHandler                      0x08002c14   Section        0  stm32f4xx_it.o(i.USART1_IRQHandler)
    i.USART2_IRQHandler                      0x08002c60   Section        0  stm32f4xx_it.o(i.USART2_IRQHandler)
    i.USART3_IRQHandler                      0x08002cac   Section        0  stm32f4xx_it.o(i.USART3_IRQHandler)
    i.USART6_IRQHandler                      0x08002cf8   Section        0  stm32f4xx_it.o(i.USART6_IRQHandler)
    i.Uart1_Send_Data                        0x08002d80   Section        0  com.o(i.Uart1_Send_Data)
    i.Uart2_Send_Data                        0x08002dac   Section        0  com.o(i.Uart2_Send_Data)
    i.Uart4_Send_Data                        0x08002dd8   Section        0  com.o(i.Uart4_Send_Data)
    i.Uart5_Send_Data                        0x08002e04   Section        0  com.o(i.Uart5_Send_Data)
    i.UsageFault_Handler                     0x08002e30   Section        0  stm32f4xx_it.o(i.UsageFault_Handler)
    i.__NVIC_SetPriority                     0x08002e32   Section        0  stm32f4xx_hal_cortex.o(i.__NVIC_SetPriority)
    __NVIC_SetPriority                       0x08002e33   Thumb Code    32  stm32f4xx_hal_cortex.o(i.__NVIC_SetPriority)
    i.main                                   0x08002e54   Section        0  main.o(i.main)
    i.percentage                             0x08002eb0   Section        0  com.o(i.percentage)
    x$fpl$fpinit                             0x08002f40   Section       10  fpinit.o(x$fpl$fpinit)
    $v0                                      0x08002f40   Number         0  fpinit.o(x$fpl$fpinit)
    .constdata                               0x08002f4a   Section      192  com.o(.constdata)
    sbus_decoder                             0x08002f4a   Data         192  com.o(.constdata)
    .constdata                               0x0800300a   Section        8  stm32f4xx_hal_dma.o(.constdata)
    flagBitshiftOffset                       0x0800300a   Data           8  stm32f4xx_hal_dma.o(.constdata)
    .constdata                               0x08003012   Section       16  system_stm32f4xx.o(.constdata)
    .constdata                               0x08003022   Section        8  system_stm32f4xx.o(.constdata)
    .data                                    0x20000000   Section       14  com.o(.data)
    .data                                    0x2000000e   Section        4  main.o(.data)
    .data                                    0x20000012   Section        2  main.o(.data)
    .data                                    0x20000014   Section        7  main.o(.data)
    .data                                    0x2000001c   Section       12  stm32f4xx_hal.o(.data)
    .data                                    0x20000028   Section        4  system_stm32f4xx.o(.data)
    .bss                                     0x2000002c   Section      158  com.o(.bss)
    .bss                                     0x200000cc   Section      556  main.o(.bss)
    .bss                                     0x200002f8   Section       96  main.o(.bss)
    .bss                                     0x20000358   Section       96  main.o(.bss)
    .bss                                     0x200003b8   Section       96  main.o(.bss)
    .bss                                     0x20000418   Section       96  main.o(.bss)
    .bss                                     0x20000478   Section       96  main.o(.bss)
    .bss                                     0x200004d8   Section       96  main.o(.bss)
    .bss                                     0x20000538   Section       96  main.o(.bss)
    .bss                                     0x20000598   Section       96  main.o(.bss)
    .bss                                     0x200005f8   Section       96  main.o(.bss)
    .bss                                     0x20000658   Section       96  main.o(.bss)
    .bss                                     0x200006b8   Section       96  main.o(.bss)
    .bss                                     0x20000718   Section       96  main.o(.bss)
    .bss                                     0x20000778   Section       96  libspace.o(.bss)
    HEAP                                     0x200007d8   Section      512  startup_stm32f405xx.o(HEAP)
    Heap_Mem                                 0x200007d8   Data         512  startup_stm32f405xx.o(HEAP)
    STACK                                    0x200009d8   Section     1024  startup_stm32f405xx.o(STACK)
    Stack_Mem                                0x200009d8   Data        1024  startup_stm32f405xx.o(STACK)
    __initial_sp                             0x20000dd8   Data           0  startup_stm32f405xx.o(STACK)

    Global Symbols

    Symbol Name                              Value     Ov Type        Size  Object(Section)

    BuildAttributes$$THM_ISAv4$E$P$D$K$B$S$7EM$VFPi3$EXTD16$VFPS$VFMA$PE$A:L22UL41UL21$X:L11$S22US41US21$IEEE1$IW$USESV6$~STKCKD$USESV7$~SHL$OSPACE$ROPI$EBA8$UX$STANDARDLIB$REQ8$PRES8$EABIv2 0x00000000   Number         0  anon$$obj.o ABSOLUTE
    __ARM_use_no_argv                        0x00000000   Number         0  main.o ABSOLUTE
    __ARM_exceptions_init                     - Undefined Weak Reference
    __alloca_initialize                       - Undefined Weak Reference
    __arm_preinit_                            - Undefined Weak Reference
    __cpp_initialize__aeabi_                  - Undefined Weak Reference
    __cxa_finalize                            - Undefined Weak Reference
    __rt_locale                               - Undefined Weak Reference
    __sigvec_lookup                           - Undefined Weak Reference
    _atexit_init                              - Undefined Weak Reference
    _call_atexit_fns                          - Undefined Weak Reference
    _clock_init                               - Undefined Weak Reference
    _fp_trap_init                             - Undefined Weak Reference
    _fp_trap_shutdown                         - Undefined Weak Reference
    _get_lc_collate                           - Undefined Weak Reference
    _get_lc_ctype                             - Undefined Weak Reference
    _get_lc_monetary                          - Undefined Weak Reference
    _get_lc_numeric                           - Undefined Weak Reference
    _get_lc_time                              - Undefined Weak Reference
    _getenv_init                              - Undefined Weak Reference
    _handle_redirection                       - Undefined Weak Reference
    _init_alloc                               - Undefined Weak Reference
    _init_user_alloc                          - Undefined Weak Reference
    _initio                                   - Undefined Weak Reference
    _rand_init                                - Undefined Weak Reference
    _signal_finish                            - Undefined Weak Reference
    _signal_init                              - Undefined Weak Reference
    _terminate_alloc                          - Undefined Weak Reference
    _terminate_user_alloc                     - Undefined Weak Reference
    _terminateio                              - Undefined Weak Reference
    __Vectors_Size                           0x00000188   Number         0  startup_stm32f405xx.o ABSOLUTE
    __Vectors                                0x08000000   Data           4  startup_stm32f405xx.o(RESET)
    __Vectors_End                            0x08000188   Data           0  startup_stm32f405xx.o(RESET)
    __main                                   0x08000189   Thumb Code     8  __main.o(!!!main)
    __scatterload                            0x08000191   Thumb Code     0  __scatter.o(!!!scatter)
    __scatterload_rt2                        0x08000191   Thumb Code    44  __scatter.o(!!!scatter)
    __scatterload_rt2_thumb_only             0x08000191   Thumb Code     0  __scatter.o(!!!scatter)
    __scatterload_null                       0x0800019f   Thumb Code     0  __scatter.o(!!!scatter)
    __scatterload_copy                       0x080001c5   Thumb Code    26  __scatter_copy.o(!!handler_copy)
    __scatterload_zeroinit                   0x080001e1   Thumb Code    28  __scatter_zi.o(!!handler_zi)
    __rt_lib_init                            0x080001fd   Thumb Code     0  libinit.o(.ARM.Collect$$libinit$$00000000)
    __rt_lib_init_fp_1                       0x080001ff   Thumb Code     0  libinit2.o(.ARM.Collect$$libinit$$00000001)
    __rt_lib_init_alloca_1                   0x08000203   Thumb Code     0  libinit2.o(.ARM.Collect$$libinit$$0000002E)
    __rt_lib_init_argv_1                     0x08000203   Thumb Code     0  libinit2.o(.ARM.Collect$$libinit$$0000002C)
    __rt_lib_init_atexit_1                   0x08000203   Thumb Code     0  libinit2.o(.ARM.Collect$$libinit$$0000001B)
    __rt_lib_init_clock_1                    0x08000203   Thumb Code     0  libinit2.o(.ARM.Collect$$libinit$$00000021)
    __rt_lib_init_cpp_1                      0x08000203   Thumb Code     0  libinit2.o(.ARM.Collect$$libinit$$00000032)
    __rt_lib_init_exceptions_1               0x08000203   Thumb Code     0  libinit2.o(.ARM.Collect$$libinit$$00000030)
    __rt_lib_init_fp_trap_1                  0x08000203   Thumb Code     0  libinit2.o(.ARM.Collect$$libinit$$0000001F)
    __rt_lib_init_getenv_1                   0x08000203   Thumb Code     0  libinit2.o(.ARM.Collect$$libinit$$00000023)
    __rt_lib_init_heap_1                     0x08000203   Thumb Code     0  libinit2.o(.ARM.Collect$$libinit$$0000000A)
    __rt_lib_init_lc_collate_1               0x08000203   Thumb Code     0  libinit2.o(.ARM.Collect$$libinit$$00000011)
    __rt_lib_init_lc_ctype_1                 0x08000203   Thumb Code     0  libinit2.o(.ARM.Collect$$libinit$$00000013)
    __rt_lib_init_lc_monetary_1              0x08000203   Thumb Code     0  libinit2.o(.ARM.Collect$$libinit$$00000015)
    __rt_lib_init_lc_numeric_1               0x08000203   Thumb Code     0  libinit2.o(.ARM.Collect$$libinit$$00000017)
    __rt_lib_init_lc_time_1                  0x08000203   Thumb Code     0  libinit2.o(.ARM.Collect$$libinit$$00000019)
    __rt_lib_init_preinit_1                  0x08000203   Thumb Code     0  libinit2.o(.ARM.Collect$$libinit$$00000004)
    __rt_lib_init_rand_1                     0x08000203   Thumb Code     0  libinit2.o(.ARM.Collect$$libinit$$0000000E)
    __rt_lib_init_return                     0x08000203   Thumb Code     0  libinit2.o(.ARM.Collect$$libinit$$00000033)
    __rt_lib_init_signal_1                   0x08000203   Thumb Code     0  libinit2.o(.ARM.Collect$$libinit$$0000001D)
    __rt_lib_init_stdio_1                    0x08000203   Thumb Code     0  libinit2.o(.ARM.Collect$$libinit$$00000025)
    __rt_lib_init_user_alloc_1               0x08000203   Thumb Code     0  libinit2.o(.ARM.Collect$$libinit$$0000000C)
    __rt_lib_shutdown                        0x08000205   Thumb Code     0  libshutdown.o(.ARM.Collect$$libshutdown$$00000000)
    __rt_lib_shutdown_cpp_1                  0x08000207   Thumb Code     0  libshutdown2.o(.ARM.Collect$$libshutdown$$00000002)
    __rt_lib_shutdown_fp_trap_1              0x08000207   Thumb Code     0  libshutdown2.o(.ARM.Collect$$libshutdown$$00000007)
    __rt_lib_shutdown_heap_1                 0x08000207   Thumb Code     0  libshutdown2.o(.ARM.Collect$$libshutdown$$0000000F)
    __rt_lib_shutdown_return                 0x08000207   Thumb Code     0  libshutdown2.o(.ARM.Collect$$libshutdown$$00000010)
    __rt_lib_shutdown_signal_1               0x08000207   Thumb Code     0  libshutdown2.o(.ARM.Collect$$libshutdown$$0000000A)
    __rt_lib_shutdown_stdio_1                0x08000207   Thumb Code     0  libshutdown2.o(.ARM.Collect$$libshutdown$$00000004)
    __rt_lib_shutdown_user_alloc_1           0x08000207   Thumb Code     0  libshutdown2.o(.ARM.Collect$$libshutdown$$0000000C)
    __rt_entry                               0x08000209   Thumb Code     0  __rtentry.o(.ARM.Collect$$rtentry$$00000000)
    __rt_entry_presh_1                       0x08000209   Thumb Code     0  __rtentry2.o(.ARM.Collect$$rtentry$$00000002)
    __rt_entry_sh                            0x08000209   Thumb Code     0  __rtentry4.o(.ARM.Collect$$rtentry$$00000004)
    __rt_entry_li                            0x0800020f   Thumb Code     0  __rtentry2.o(.ARM.Collect$$rtentry$$0000000A)
    __rt_entry_postsh_1                      0x0800020f   Thumb Code     0  __rtentry2.o(.ARM.Collect$$rtentry$$00000009)
    __rt_entry_main                          0x08000213   Thumb Code     0  __rtentry2.o(.ARM.Collect$$rtentry$$0000000D)
    __rt_entry_postli_1                      0x08000213   Thumb Code     0  __rtentry2.o(.ARM.Collect$$rtentry$$0000000C)
    __rt_exit                                0x0800021b   Thumb Code     0  rtexit.o(.ARM.Collect$$rtexit$$00000000)
    __rt_exit_ls                             0x0800021d   Thumb Code     0  rtexit2.o(.ARM.Collect$$rtexit$$00000003)
    __rt_exit_prels_1                        0x0800021d   Thumb Code     0  rtexit2.o(.ARM.Collect$$rtexit$$00000002)
    __rt_exit_exit                           0x08000221   Thumb Code     0  rtexit2.o(.ARM.Collect$$rtexit$$00000004)
    Reset_Handler                            0x08000229   Thumb Code     8  startup_stm32f405xx.o(.text)
    ADC_IRQHandler                           0x08000243   Thumb Code     0  startup_stm32f405xx.o(.text)
    CAN1_RX0_IRQHandler                      0x08000243   Thumb Code     0  startup_stm32f405xx.o(.text)
    CAN1_RX1_IRQHandler                      0x08000243   Thumb Code     0  startup_stm32f405xx.o(.text)
    CAN1_SCE_IRQHandler                      0x08000243   Thumb Code     0  startup_stm32f405xx.o(.text)
    CAN1_TX_IRQHandler                       0x08000243   Thumb Code     0  startup_stm32f405xx.o(.text)
    CAN2_RX0_IRQHandler                      0x08000243   Thumb Code     0  startup_stm32f405xx.o(.text)
    CAN2_RX1_IRQHandler                      0x08000243   Thumb Code     0  startup_stm32f405xx.o(.text)
    CAN2_SCE_IRQHandler                      0x08000243   Thumb Code     0  startup_stm32f405xx.o(.text)
    CAN2_TX_IRQHandler                       0x08000243   Thumb Code     0  startup_stm32f405xx.o(.text)
    DMA2_Stream0_IRQHandler                  0x08000243   Thumb Code     0  startup_stm32f405xx.o(.text)
    DMA2_Stream3_IRQHandler                  0x08000243   Thumb Code     0  startup_stm32f405xx.o(.text)
    DMA2_Stream4_IRQHandler                  0x08000243   Thumb Code     0  startup_stm32f405xx.o(.text)
    DMA2_Stream5_IRQHandler                  0x08000243   Thumb Code     0  startup_stm32f405xx.o(.text)
    EXTI0_IRQHandler                         0x08000243   Thumb Code     0  startup_stm32f405xx.o(.text)
    EXTI15_10_IRQHandler                     0x08000243   Thumb Code     0  startup_stm32f405xx.o(.text)
    EXTI1_IRQHandler                         0x08000243   Thumb Code     0  startup_stm32f405xx.o(.text)
    EXTI2_IRQHandler                         0x08000243   Thumb Code     0  startup_stm32f405xx.o(.text)
    EXTI3_IRQHandler                         0x08000243   Thumb Code     0  startup_stm32f405xx.o(.text)
    EXTI4_IRQHandler                         0x08000243   Thumb Code     0  startup_stm32f405xx.o(.text)
    EXTI9_5_IRQHandler                       0x08000243   Thumb Code     0  startup_stm32f405xx.o(.text)
    FLASH_IRQHandler                         0x08000243   Thumb Code     0  startup_stm32f405xx.o(.text)
    FMC_IRQHandler                           0x08000243   Thumb Code     0  startup_stm32f405xx.o(.text)
    FPU_IRQHandler                           0x08000243   Thumb Code     0  startup_stm32f405xx.o(.text)
    HASH_RNG_IRQHandler                      0x08000243   Thumb Code     0  startup_stm32f405xx.o(.text)
    I2C1_ER_IRQHandler                       0x08000243   Thumb Code     0  startup_stm32f405xx.o(.text)
    I2C1_EV_IRQHandler                       0x08000243   Thumb Code     0  startup_stm32f405xx.o(.text)
    I2C2_ER_IRQHandler                       0x08000243   Thumb Code     0  startup_stm32f405xx.o(.text)
    I2C2_EV_IRQHandler                       0x08000243   Thumb Code     0  startup_stm32f405xx.o(.text)
    I2C3_ER_IRQHandler                       0x08000243   Thumb Code     0  startup_stm32f405xx.o(.text)
    I2C3_EV_IRQHandler                       0x08000243   Thumb Code     0  startup_stm32f405xx.o(.text)
    OTG_FS_IRQHandler                        0x08000243   Thumb Code     0  startup_stm32f405xx.o(.text)
    OTG_FS_WKUP_IRQHandler                   0x08000243   Thumb Code     0  startup_stm32f405xx.o(.text)
    OTG_HS_EP1_IN_IRQHandler                 0x08000243   Thumb Code     0  startup_stm32f405xx.o(.text)
    OTG_HS_EP1_OUT_IRQHandler                0x08000243   Thumb Code     0  startup_stm32f405xx.o(.text)
    OTG_HS_IRQHandler                        0x08000243   Thumb Code     0  startup_stm32f405xx.o(.text)
    OTG_HS_WKUP_IRQHandler                   0x08000243   Thumb Code     0  startup_stm32f405xx.o(.text)
    PVD_IRQHandler                           0x08000243   Thumb Code     0  startup_stm32f405xx.o(.text)
    RCC_IRQHandler                           0x08000243   Thumb Code     0  startup_stm32f405xx.o(.text)
    RTC_Alarm_IRQHandler                     0x08000243   Thumb Code     0  startup_stm32f405xx.o(.text)
    RTC_WKUP_IRQHandler                      0x08000243   Thumb Code     0  startup_stm32f405xx.o(.text)
    SDIO_IRQHandler                          0x08000243   Thumb Code     0  startup_stm32f405xx.o(.text)
    SPI1_IRQHandler                          0x08000243   Thumb Code     0  startup_stm32f405xx.o(.text)
    SPI2_IRQHandler                          0x08000243   Thumb Code     0  startup_stm32f405xx.o(.text)
    SPI3_IRQHandler                          0x08000243   Thumb Code     0  startup_stm32f405xx.o(.text)
    TAMP_STAMP_IRQHandler                    0x08000243   Thumb Code     0  startup_stm32f405xx.o(.text)
    TIM1_BRK_TIM9_IRQHandler                 0x08000243   Thumb Code     0  startup_stm32f405xx.o(.text)
    TIM1_CC_IRQHandler                       0x08000243   Thumb Code     0  startup_stm32f405xx.o(.text)
    TIM1_TRG_COM_TIM11_IRQHandler            0x08000243   Thumb Code     0  startup_stm32f405xx.o(.text)
    TIM2_IRQHandler                          0x08000243   Thumb Code     0  startup_stm32f405xx.o(.text)
    TIM3_IRQHandler                          0x08000243   Thumb Code     0  startup_stm32f405xx.o(.text)
    TIM4_IRQHandler                          0x08000243   Thumb Code     0  startup_stm32f405xx.o(.text)
    TIM5_IRQHandler                          0x08000243   Thumb Code     0  startup_stm32f405xx.o(.text)
    TIM6_DAC_IRQHandler                      0x08000243   Thumb Code     0  startup_stm32f405xx.o(.text)
    TIM7_IRQHandler                          0x08000243   Thumb Code     0  startup_stm32f405xx.o(.text)
    TIM8_BRK_TIM12_IRQHandler                0x08000243   Thumb Code     0  startup_stm32f405xx.o(.text)
    TIM8_CC_IRQHandler                       0x08000243   Thumb Code     0  startup_stm32f405xx.o(.text)
    TIM8_TRG_COM_TIM14_IRQHandler            0x08000243   Thumb Code     0  startup_stm32f405xx.o(.text)
    TIM8_UP_TIM13_IRQHandler                 0x08000243   Thumb Code     0  startup_stm32f405xx.o(.text)
    WWDG_IRQHandler                          0x08000243   Thumb Code     0  startup_stm32f405xx.o(.text)
    __user_initial_stackheap                 0x08000245   Thumb Code     0  startup_stm32f405xx.o(.text)
    __aeabi_uldivmod                         0x08000269   Thumb Code     0  lludivv7m.o(.text)
    _ll_udiv                                 0x08000269   Thumb Code   238  lludivv7m.o(.text)
    __aeabi_memcpy                           0x08000357   Thumb Code     0  rt_memcpy_v6.o(.text)
    __rt_memcpy                              0x08000357   Thumb Code   138  rt_memcpy_v6.o(.text)
    _memcpy_lastbytes                        0x080003bd   Thumb Code     0  rt_memcpy_v6.o(.text)
    __aeabi_memclr4                          0x080003e1   Thumb Code     0  rt_memclr_w.o(.text)
    __aeabi_memclr8                          0x080003e1   Thumb Code     0  rt_memclr_w.o(.text)
    __rt_memclr_w                            0x080003e1   Thumb Code    78  rt_memclr_w.o(.text)
    _memset_w                                0x080003e5   Thumb Code     0  rt_memclr_w.o(.text)
    __use_two_region_memory                  0x0800042f   Thumb Code     2  heapauxi.o(.text)
    __rt_heap_escrow$2region                 0x08000431   Thumb Code     2  heapauxi.o(.text)
    __rt_heap_expand$2region                 0x08000433   Thumb Code     2  heapauxi.o(.text)
    __aeabi_memcpy4                          0x08000435   Thumb Code     0  rt_memcpy_w.o(.text)
    __aeabi_memcpy8                          0x08000435   Thumb Code     0  rt_memcpy_w.o(.text)
    __rt_memcpy_w                            0x08000435   Thumb Code   100  rt_memcpy_w.o(.text)
    _memcpy_lastbytes_aligned                0x0800047d   Thumb Code     0  rt_memcpy_w.o(.text)
    __user_setup_stackheap                   0x08000499   Thumb Code    74  sys_stackheap_outer.o(.text)
    exit                                     0x080004e3   Thumb Code    18  exit.o(.text)
    __user_libspace                          0x080004f5   Thumb Code     8  libspace.o(.text)
    __user_perproc_libspace                  0x080004f5   Thumb Code     0  libspace.o(.text)
    __user_perthread_libspace                0x080004f5   Thumb Code     0  libspace.o(.text)
    _sys_exit                                0x080004fd   Thumb Code     8  sys_exit.o(.text)
    __I$use$semihosting                      0x08000509   Thumb Code     0  use_no_semi.o(.text)
    __use_no_semihosting_swi                 0x08000509   Thumb Code     2  use_no_semi.o(.text)
    __semihosting_library_function           0x0800050b   Thumb Code     0  indicate_semi.o(.text)
    Analysis                                 0x0800050d   Thumb Code   128  com.o(i.Analysis)
    BusFault_Handler                         0x08000599   Thumb Code     2  stm32f4xx_it.o(i.BusFault_Handler)
    ComRX                                    0x0800059d   Thumb Code   148  com.o(i.ComRX)
    ComTX                                    0x08000649   Thumb Code    30  com.o(i.ComTX)
    DMA1_Stream0_IRQHandler                  0x08000669   Thumb Code     6  stm32f4xx_it.o(i.DMA1_Stream0_IRQHandler)
    DMA1_Stream1_IRQHandler                  0x08000675   Thumb Code     6  stm32f4xx_it.o(i.DMA1_Stream1_IRQHandler)
    DMA1_Stream2_IRQHandler                  0x08000681   Thumb Code     6  stm32f4xx_it.o(i.DMA1_Stream2_IRQHandler)
    DMA1_Stream3_IRQHandler                  0x0800068d   Thumb Code     6  stm32f4xx_it.o(i.DMA1_Stream3_IRQHandler)
    DMA1_Stream4_IRQHandler                  0x08000699   Thumb Code     6  stm32f4xx_it.o(i.DMA1_Stream4_IRQHandler)
    DMA1_Stream5_IRQHandler                  0x080006a5   Thumb Code     6  stm32f4xx_it.o(i.DMA1_Stream5_IRQHandler)
    DMA1_Stream6_IRQHandler                  0x080006b1   Thumb Code     6  stm32f4xx_it.o(i.DMA1_Stream6_IRQHandler)
    DMA1_Stream7_IRQHandler                  0x080006bd   Thumb Code     6  stm32f4xx_it.o(i.DMA1_Stream7_IRQHandler)
    DMA2_Stream1_IRQHandler                  0x080006c9   Thumb Code     6  stm32f4xx_it.o(i.DMA2_Stream1_IRQHandler)
    DMA2_Stream2_IRQHandler                  0x080006d5   Thumb Code     6  stm32f4xx_it.o(i.DMA2_Stream2_IRQHandler)
    DMA2_Stream6_IRQHandler                  0x080006e1   Thumb Code     6  stm32f4xx_it.o(i.DMA2_Stream6_IRQHandler)
    DMA2_Stream7_IRQHandler                  0x080006ed   Thumb Code     6  stm32f4xx_it.o(i.DMA2_Stream7_IRQHandler)
    DebugMon_Handler                         0x0800079d   Thumb Code     2  stm32f4xx_it.o(i.DebugMon_Handler)
    Error_Handler                            0x0800079f   Thumb Code     4  main.o(i.Error_Handler)
    HAL_DMA_Abort                            0x080007a3   Thumb Code   142  stm32f4xx_hal_dma.o(i.HAL_DMA_Abort)
    HAL_DMA_Abort_IT                         0x08000831   Thumb Code    36  stm32f4xx_hal_dma.o(i.HAL_DMA_Abort_IT)
    HAL_DMA_IRQHandler                       0x08000855   Thumb Code   412  stm32f4xx_hal_dma.o(i.HAL_DMA_IRQHandler)
    HAL_DMA_Init                             0x080009f5   Thumb Code   206  stm32f4xx_hal_dma.o(i.HAL_DMA_Init)
    HAL_DMA_Start_IT                         0x08000ac9   Thumb Code   110  stm32f4xx_hal_dma.o(i.HAL_DMA_Start_IT)
    HAL_GPIO_Init                            0x08000b39   Thumb Code   394  stm32f4xx_hal_gpio.o(i.HAL_GPIO_Init)
    HAL_GetTick                              0x08000cf1   Thumb Code     6  stm32f4xx_hal.o(i.HAL_GetTick)
    HAL_IncTick                              0x08000cfd   Thumb Code    12  stm32f4xx_hal.o(i.HAL_IncTick)
    HAL_Init                                 0x08000d0d   Thumb Code    48  stm32f4xx_hal.o(i.HAL_Init)
    HAL_InitTick                             0x08000d41   Thumb Code    54  stm32f4xx_hal.o(i.HAL_InitTick)
    HAL_MspInit                              0x08000d81   Thumb Code    48  stm32f4xx_hal_msp.o(i.HAL_MspInit)
    HAL_NVIC_EnableIRQ                       0x08000db5   Thumb Code    26  stm32f4xx_hal_cortex.o(i.HAL_NVIC_EnableIRQ)
    HAL_NVIC_SetPriority                     0x08000dd1   Thumb Code    60  stm32f4xx_hal_cortex.o(i.HAL_NVIC_SetPriority)
    HAL_NVIC_SetPriorityGrouping             0x08000e11   Thumb Code    26  stm32f4xx_hal_cortex.o(i.HAL_NVIC_SetPriorityGrouping)
    HAL_RCC_ClockConfig                      0x08000e35   Thumb Code   288  stm32f4xx_hal_rcc.o(i.HAL_RCC_ClockConfig)
    HAL_RCC_GetPCLK1Freq                     0x08000f69   Thumb Code    20  stm32f4xx_hal_rcc.o(i.HAL_RCC_GetPCLK1Freq)
    HAL_RCC_GetPCLK2Freq                     0x08000f89   Thumb Code    20  stm32f4xx_hal_rcc.o(i.HAL_RCC_GetPCLK2Freq)
    HAL_RCC_GetSysClockFreq                  0x08000fa9   Thumb Code    88  stm32f4xx_hal_rcc.o(i.HAL_RCC_GetSysClockFreq)
    HAL_RCC_OscConfig                        0x08001009   Thumb Code   840  stm32f4xx_hal_rcc.o(i.HAL_RCC_OscConfig)
    HAL_SYSTICK_Config                       0x08001365   Thumb Code    40  stm32f4xx_hal_cortex.o(i.HAL_SYSTICK_Config)
    HAL_TIMEx_BreakCallback                  0x0800138d   Thumb Code     2  stm32f4xx_hal_tim_ex.o(i.HAL_TIMEx_BreakCallback)
    HAL_TIMEx_CommutCallback                 0x0800138f   Thumb Code     2  stm32f4xx_hal_tim_ex.o(i.HAL_TIMEx_CommutCallback)
    HAL_TIMEx_ConfigBreakDeadTime            0x08001391   Thumb Code    84  stm32f4xx_hal_tim_ex.o(i.HAL_TIMEx_ConfigBreakDeadTime)
    HAL_TIMEx_MasterConfigSynchronization    0x080013e5   Thumb Code   116  stm32f4xx_hal_tim_ex.o(i.HAL_TIMEx_MasterConfigSynchronization)
    HAL_TIM_Base_Init                        0x08001475   Thumb Code    54  stm32f4xx_hal_tim.o(i.HAL_TIM_Base_Init)
    HAL_TIM_Base_MspInit                     0x080014ad   Thumb Code    50  stm32f4xx_hal_msp.o(i.HAL_TIM_Base_MspInit)
    HAL_TIM_ConfigClockSource                0x080014e9   Thumb Code   214  stm32f4xx_hal_tim.o(i.HAL_TIM_ConfigClockSource)
    HAL_TIM_IC_CaptureCallback               0x080015bf   Thumb Code     2  stm32f4xx_hal_tim.o(i.HAL_TIM_IC_CaptureCallback)
    HAL_TIM_IC_Start_IT                      0x080015c1   Thumb Code    86  stm32f4xx_hal_tim.o(i.HAL_TIM_IC_Start_IT)
    HAL_TIM_IRQHandler                       0x08001617   Thumb Code   358  stm32f4xx_hal_tim.o(i.HAL_TIM_IRQHandler)
    HAL_TIM_OC_DelayElapsedCallback          0x0800177d   Thumb Code     2  stm32f4xx_hal_tim.o(i.HAL_TIM_OC_DelayElapsedCallback)
    HAL_TIM_PWM_ConfigChannel                0x0800177f   Thumb Code   208  stm32f4xx_hal_tim.o(i.HAL_TIM_PWM_ConfigChannel)
    HAL_TIM_PWM_Init                         0x0800184f   Thumb Code    54  stm32f4xx_hal_tim.o(i.HAL_TIM_PWM_Init)
    HAL_TIM_PWM_MspInit                      0x08001885   Thumb Code     2  stm32f4xx_hal_tim.o(i.HAL_TIM_PWM_MspInit)
    HAL_TIM_PWM_PulseFinishedCallback        0x08001887   Thumb Code     2  stm32f4xx_hal_tim.o(i.HAL_TIM_PWM_PulseFinishedCallback)
    HAL_TIM_PWM_Start                        0x08001889   Thumb Code    58  stm32f4xx_hal_tim.o(i.HAL_TIM_PWM_Start)
    HAL_TIM_PeriodElapsedCallback            0x080018cd   Thumb Code     2  stm32f4xx_hal_tim.o(i.HAL_TIM_PeriodElapsedCallback)
    HAL_TIM_TriggerCallback                  0x080018cf   Thumb Code     2  stm32f4xx_hal_tim.o(i.HAL_TIM_TriggerCallback)
    HAL_UART_DMAStop                         0x080018d1   Thumb Code    88  stm32f4xx_hal_uart.o(i.HAL_UART_DMAStop)
    HAL_UART_ErrorCallback                   0x08001929   Thumb Code     2  stm32f4xx_hal_uart.o(i.HAL_UART_ErrorCallback)
    HAL_UART_IRQHandler                      0x0800192d   Thumb Code   270  stm32f4xx_hal_uart.o(i.HAL_UART_IRQHandler)
    HAL_UART_Init                            0x08001a41   Thumb Code    98  stm32f4xx_hal_uart.o(i.HAL_UART_Init)
    HAL_UART_MspInit                         0x08001aa5   Thumb Code  1214  stm32f4xx_hal_msp.o(i.HAL_UART_MspInit)
    HAL_UART_Receive_DMA                     0x08001f6d   Thumb Code   138  stm32f4xx_hal_uart.o(i.HAL_UART_Receive_DMA)
    HAL_UART_RxCpltCallback                  0x08002005   Thumb Code     2  stm32f4xx_hal_uart.o(i.HAL_UART_RxCpltCallback)
    HAL_UART_RxHalfCpltCallback              0x08002007   Thumb Code     2  stm32f4xx_hal_uart.o(i.HAL_UART_RxHalfCpltCallback)
    HAL_UART_Transmit_DMA                    0x08002009   Thumb Code   114  stm32f4xx_hal_uart.o(i.HAL_UART_Transmit_DMA)
    HAL_UART_TxCpltCallback                  0x08002089   Thumb Code     2  stm32f4xx_hal_uart.o(i.HAL_UART_TxCpltCallback)
    HAL_UART_TxHalfCpltCallback              0x0800208b   Thumb Code     2  stm32f4xx_hal_uart.o(i.HAL_UART_TxHalfCpltCallback)
    HardFault_Handler                        0x0800208d   Thumb Code     2  stm32f4xx_it.o(i.HardFault_Handler)
    MemManage_Handler                        0x08002499   Thumb Code     2  stm32f4xx_it.o(i.MemManage_Handler)
    NMI_Handler                              0x0800249b   Thumb Code     2  stm32f4xx_it.o(i.NMI_Handler)
    PendSV_Handler                           0x0800249d   Thumb Code     2  stm32f4xx_it.o(i.PendSV_Handler)
    SVC_Handler                              0x0800249f   Thumb Code     2  stm32f4xx_it.o(i.SVC_Handler)
    SysTick_Handler                          0x080024a1   Thumb Code     4  stm32f4xx_it.o(i.SysTick_Handler)
    SystemClock_Config                       0x080024a5   Thumb Code   140  main.o(i.SystemClock_Config)
    SystemInit                               0x08002539   Thumb Code    22  system_stm32f4xx.o(i.SystemInit)
    TIM1_UP_TIM10_IRQHandler                 0x08002555   Thumb Code    28  stm32f4xx_it.o(i.TIM1_UP_TIM10_IRQHandler)
    TIM_Base_SetConfig                       0x08002581   Thumb Code   156  stm32f4xx_hal_tim.o(i.TIM_Base_SetConfig)
    TIM_CCxChannelCmd                        0x08002649   Thumb Code    26  stm32f4xx_hal_tim.o(i.TIM_CCxChannelCmd)
    TIM_ETR_SetConfig                        0x08002663   Thumb Code    20  stm32f4xx_hal_tim.o(i.TIM_ETR_SetConfig)
    TIM_OC2_SetConfig                        0x080026e9   Thumb Code    98  stm32f4xx_hal_tim.o(i.TIM_OC2_SetConfig)
    UART4_IRQHandler                         0x08002855   Thumb Code    60  stm32f4xx_it.o(i.UART4_IRQHandler)
    UART5_IRQHandler                         0x080028a1   Thumb Code    60  stm32f4xx_it.o(i.UART5_IRQHandler)
    USART1_IRQHandler                        0x08002c15   Thumb Code    60  stm32f4xx_it.o(i.USART1_IRQHandler)
    USART2_IRQHandler                        0x08002c61   Thumb Code    60  stm32f4xx_it.o(i.USART2_IRQHandler)
    USART3_IRQHandler                        0x08002cad   Thumb Code    60  stm32f4xx_it.o(i.USART3_IRQHandler)
    USART6_IRQHandler                        0x08002cf9   Thumb Code   112  stm32f4xx_it.o(i.USART6_IRQHandler)
    Uart1_Send_Data                          0x08002d81   Thumb Code    34  com.o(i.Uart1_Send_Data)
    Uart2_Send_Data                          0x08002dad   Thumb Code    34  com.o(i.Uart2_Send_Data)
    Uart4_Send_Data                          0x08002dd9   Thumb Code    36  com.o(i.Uart4_Send_Data)
    Uart5_Send_Data                          0x08002e05   Thumb Code    36  com.o(i.Uart5_Send_Data)
    UsageFault_Handler                       0x08002e31   Thumb Code     2  stm32f4xx_it.o(i.UsageFault_Handler)
    main                                     0x08002e55   Thumb Code    86  main.o(i.main)
    percentage                               0x08002eb1   Thumb Code   132  com.o(i.percentage)
    _fp_init                                 0x08002f41   Thumb Code    10  fpinit.o(x$fpl$fpinit)
    __fplib_config_fpu_vfp                   0x08002f49   Thumb Code     0  fpinit.o(x$fpl$fpinit)
    __fplib_config_pureend_doubles           0x08002f49   Thumb Code     0  fpinit.o(x$fpl$fpinit)
    AHBPrescTable                            0x08003012   Data          16  system_stm32f4xx.o(.constdata)
    APBPrescTable                            0x08003022   Data           8  system_stm32f4xx.o(.constdata)
    Region$$Table$$Base                      0x0800302c   Number         0  anon$$obj.o(Region$$Table)
    Region$$Table$$Limit                     0x0800304c   Number         0  anon$$obj.o(Region$$Table)
    RollH                                    0x20000000   Data           1  com.o(.data)
    RollL                                    0x20000001   Data           1  com.o(.data)
    PitchH                                   0x20000002   Data           1  com.o(.data)
    PitchL                                   0x20000003   Data           1  com.o(.data)
    YawH                                     0x20000004   Data           1  com.o(.data)
    YawL                                     0x20000005   Data           1  com.o(.data)
    Remote_data                              0x20000006   Data           8  com.o(.data)
    Run_State                                0x2000000e   Data           2  main.o(.data)
    Sys_timer2                               0x20000010   Data           2  main.o(.data)
    Sys_timer                                0x20000012   Data           2  main.o(.data)
    Com_RxLen                                0x20000014   Data           7  main.o(.data)
    uwTickFreq                               0x2000001c   Data           1  stm32f4xx_hal.o(.data)
    uwTickPrio                               0x20000020   Data           4  stm32f4xx_hal.o(.data)
    uwTick                                   0x20000024   Data           4  stm32f4xx_hal.o(.data)
    SystemCoreClock                          0x20000028   Data           4  system_stm32f4xx.o(.data)
    Tx_Data1                                 0x2000002c   Data          10  com.o(.bss)
    Tx_Data2                                 0x20000036   Data          10  com.o(.bss)
    Tx_Data3                                 0x20000040   Data          10  com.o(.bss)
    Tx_Data4                                 0x2000004a   Data          10  com.o(.bss)
    Tx_Data5                                 0x20000054   Data          10  com.o(.bss)
    Tx_Data6                                 0x2000005e   Data          10  com.o(.bss)
    Angel                                    0x20000068   Data          16  com.o(.bss)
    sbusbuf                                  0x20000078   Data          25  com.o(.bss)
    sbusbuf1                                 0x20000091   Data          25  com.o(.bss)
    channeldate                              0x200000aa   Data          32  com.o(.bss)
    USART1_RX_BUF                            0x200000cc   Data          16  main.o(.bss)
    USART2_RX_BUF                            0x200000dc   Data          16  main.o(.bss)
    USART3_RX_BUF                            0x200000ec   Data          11  main.o(.bss)
    USART4_RX_BUF                            0x200000f7   Data          16  main.o(.bss)
    USART5_RX_BUF                            0x20000107   Data          16  main.o(.bss)
    USART6_RX_BUF                            0x20000117   Data          30  main.o(.bss)
    htim1                                    0x20000138   Data          64  main.o(.bss)
    huart4                                   0x20000178   Data          64  main.o(.bss)
    huart5                                   0x200001b8   Data          64  main.o(.bss)
    huart1                                   0x200001f8   Data          64  main.o(.bss)
    huart2                                   0x20000238   Data          64  main.o(.bss)
    huart3                                   0x20000278   Data          64  main.o(.bss)
    huart6                                   0x200002b8   Data          64  main.o(.bss)
    hdma_uart4_rx                            0x200002f8   Data          96  main.o(.bss)
    hdma_uart4_tx                            0x20000358   Data          96  main.o(.bss)
    hdma_uart5_rx                            0x200003b8   Data          96  main.o(.bss)
    hdma_uart5_tx                            0x20000418   Data          96  main.o(.bss)
    hdma_usart1_rx                           0x20000478   Data          96  main.o(.bss)
    hdma_usart1_tx                           0x200004d8   Data          96  main.o(.bss)
    hdma_usart2_rx                           0x20000538   Data          96  main.o(.bss)
    hdma_usart2_tx                           0x20000598   Data          96  main.o(.bss)
    hdma_usart3_rx                           0x200005f8   Data          96  main.o(.bss)
    hdma_usart3_tx                           0x20000658   Data          96  main.o(.bss)
    hdma_usart6_rx                           0x200006b8   Data          96  main.o(.bss)
    hdma_usart6_tx                           0x20000718   Data          96  main.o(.bss)
    __libspace_start                         0x20000778   Data          96  libspace.o(.bss)
    __temporary_stack_top$libspace           0x200007d8   Data           0  libspace.o(.bss)



==============================================================================

Memory Map of the image

  Image Entry point : 0x08000189

  Load Region LR_IROM1 (Base: 0x08000000, Size: 0x00003078, Max: 0x00100000, ABSOLUTE)

    Execution Region ER_IROM1 (Exec base: 0x08000000, Load base: 0x08000000, Size: 0x0000304c, Max: 0x00100000, ABSOLUTE)

    Exec Addr    Load Addr    Size         Type   Attr      Idx    E Section Name        Object

    0x08000000   0x08000000   0x00000188   Data   RO            3    RESET               startup_stm32f405xx.o
    0x08000188   0x08000188   0x00000008   Code   RO         2983  * !!!main             c_w.l(__main.o)
    0x08000190   0x08000190   0x00000034   Code   RO         3152    !!!scatter          c_w.l(__scatter.o)
    0x080001c4   0x080001c4   0x0000001a   Code   RO         3154    !!handler_copy      c_w.l(__scatter_copy.o)
    0x080001de   0x080001de   0x00000002   PAD
    0x080001e0   0x080001e0   0x0000001c   Code   RO         3156    !!handler_zi        c_w.l(__scatter_zi.o)
    0x080001fc   0x080001fc   0x00000002   Code   RO         3022    .ARM.Collect$$libinit$$00000000  c_w.l(libinit.o)
    0x080001fe   0x080001fe   0x00000004   Code   RO         3034    .ARM.Collect$$libinit$$00000001  c_w.l(libinit2.o)
    0x08000202   0x08000202   0x00000000   Code   RO         3037    .ARM.Collect$$libinit$$00000004  c_w.l(libinit2.o)
    0x08000202   0x08000202   0x00000000   Code   RO         3040    .ARM.Collect$$libinit$$0000000A  c_w.l(libinit2.o)
    0x08000202   0x08000202   0x00000000   Code   RO         3042    .ARM.Collect$$libinit$$0000000C  c_w.l(libinit2.o)
    0x08000202   0x08000202   0x00000000   Code   RO         3044    .ARM.Collect$$libinit$$0000000E  c_w.l(libinit2.o)
    0x08000202   0x08000202   0x00000000   Code   RO         3047    .ARM.Collect$$libinit$$00000011  c_w.l(libinit2.o)
    0x08000202   0x08000202   0x00000000   Code   RO         3049    .ARM.Collect$$libinit$$00000013  c_w.l(libinit2.o)
    0x08000202   0x08000202   0x00000000   Code   RO         3051    .ARM.Collect$$libinit$$00000015  c_w.l(libinit2.o)
    0x08000202   0x08000202   0x00000000   Code   RO         3053    .ARM.Collect$$libinit$$00000017  c_w.l(libinit2.o)
    0x08000202   0x08000202   0x00000000   Code   RO         3055    .ARM.Collect$$libinit$$00000019  c_w.l(libinit2.o)
    0x08000202   0x08000202   0x00000000   Code   RO         3057    .ARM.Collect$$libinit$$0000001B  c_w.l(libinit2.o)
    0x08000202   0x08000202   0x00000000   Code   RO         3059    .ARM.Collect$$libinit$$0000001D  c_w.l(libinit2.o)
    0x08000202   0x08000202   0x00000000   Code   RO         3061    .ARM.Collect$$libinit$$0000001F  c_w.l(libinit2.o)
    0x08000202   0x08000202   0x00000000   Code   RO         3063    .ARM.Collect$$libinit$$00000021  c_w.l(libinit2.o)
    0x08000202   0x08000202   0x00000000   Code   RO         3065    .ARM.Collect$$libinit$$00000023  c_w.l(libinit2.o)
    0x08000202   0x08000202   0x00000000   Code   RO         3067    .ARM.Collect$$libinit$$00000025  c_w.l(libinit2.o)
    0x08000202   0x08000202   0x00000000   Code   RO         3071    .ARM.Collect$$libinit$$0000002C  c_w.l(libinit2.o)
    0x08000202   0x08000202   0x00000000   Code   RO         3073    .ARM.Collect$$libinit$$0000002E  c_w.l(libinit2.o)
    0x08000202   0x08000202   0x00000000   Code   RO         3075    .ARM.Collect$$libinit$$00000030  c_w.l(libinit2.o)
    0x08000202   0x08000202   0x00000000   Code   RO         3077    .ARM.Collect$$libinit$$00000032  c_w.l(libinit2.o)
    0x08000202   0x08000202   0x00000002   Code   RO         3078    .ARM.Collect$$libinit$$00000033  c_w.l(libinit2.o)
    0x08000204   0x08000204   0x00000002   Code   RO         3109    .ARM.Collect$$libshutdown$$00000000  c_w.l(libshutdown.o)
    0x08000206   0x08000206   0x00000000   Code   RO         3135    .ARM.Collect$$libshutdown$$00000002  c_w.l(libshutdown2.o)
    0x08000206   0x08000206   0x00000000   Code   RO         3137    .ARM.Collect$$libshutdown$$00000004  c_w.l(libshutdown2.o)
    0x08000206   0x08000206   0x00000000   Code   RO         3140    .ARM.Collect$$libshutdown$$00000007  c_w.l(libshutdown2.o)
    0x08000206   0x08000206   0x00000000   Code   RO         3143    .ARM.Collect$$libshutdown$$0000000A  c_w.l(libshutdown2.o)
    0x08000206   0x08000206   0x00000000   Code   RO         3145    .ARM.Collect$$libshutdown$$0000000C  c_w.l(libshutdown2.o)
    0x08000206   0x08000206   0x00000000   Code   RO         3148    .ARM.Collect$$libshutdown$$0000000F  c_w.l(libshutdown2.o)
    0x08000206   0x08000206   0x00000002   Code   RO         3149    .ARM.Collect$$libshutdown$$00000010  c_w.l(libshutdown2.o)
    0x08000208   0x08000208   0x00000000   Code   RO         2985    .ARM.Collect$$rtentry$$00000000  c_w.l(__rtentry.o)
    0x08000208   0x08000208   0x00000000   Code   RO         2993    .ARM.Collect$$rtentry$$00000002  c_w.l(__rtentry2.o)
    0x08000208   0x08000208   0x00000006   Code   RO         3005    .ARM.Collect$$rtentry$$00000004  c_w.l(__rtentry4.o)
    0x0800020e   0x0800020e   0x00000000   Code   RO         2995    .ARM.Collect$$rtentry$$00000009  c_w.l(__rtentry2.o)
    0x0800020e   0x0800020e   0x00000004   Code   RO         2996    .ARM.Collect$$rtentry$$0000000A  c_w.l(__rtentry2.o)
    0x08000212   0x08000212   0x00000000   Code   RO         2998    .ARM.Collect$$rtentry$$0000000C  c_w.l(__rtentry2.o)
    0x08000212   0x08000212   0x00000008   Code   RO         2999    .ARM.Collect$$rtentry$$0000000D  c_w.l(__rtentry2.o)
    0x0800021a   0x0800021a   0x00000002   Code   RO         3026    .ARM.Collect$$rtexit$$00000000  c_w.l(rtexit.o)
    0x0800021c   0x0800021c   0x00000000   Code   RO         3082    .ARM.Collect$$rtexit$$00000002  c_w.l(rtexit2.o)
    0x0800021c   0x0800021c   0x00000004   Code   RO         3083    .ARM.Collect$$rtexit$$00000003  c_w.l(rtexit2.o)
    0x08000220   0x08000220   0x00000006   Code   RO         3084    .ARM.Collect$$rtexit$$00000004  c_w.l(rtexit2.o)
    0x08000226   0x08000226   0x00000002   PAD
    0x08000228   0x08000228   0x00000040   Code   RO            4    .text               startup_stm32f405xx.o
    0x08000268   0x08000268   0x000000ee   Code   RO         2975    .text               c_w.l(lludivv7m.o)
    0x08000356   0x08000356   0x0000008a   Code   RO         2977    .text               c_w.l(rt_memcpy_v6.o)
    0x080003e0   0x080003e0   0x0000004e   Code   RO         2979    .text               c_w.l(rt_memclr_w.o)
    0x0800042e   0x0800042e   0x00000006   Code   RO         2981    .text               c_w.l(heapauxi.o)
    0x08000434   0x08000434   0x00000064   Code   RO         2990    .text               c_w.l(rt_memcpy_w.o)
    0x08000498   0x08000498   0x0000004a   Code   RO         3009    .text               c_w.l(sys_stackheap_outer.o)
    0x080004e2   0x080004e2   0x00000012   Code   RO         3011    .text               c_w.l(exit.o)
    0x080004f4   0x080004f4   0x00000008   Code   RO         3023    .text               c_w.l(libspace.o)
    0x080004fc   0x080004fc   0x0000000c   Code   RO         3079    .text               c_w.l(sys_exit.o)
    0x08000508   0x08000508   0x00000002   Code   RO         3098    .text               c_w.l(use_no_semi.o)
    0x0800050a   0x0800050a   0x00000000   Code   RO         3100    .text               c_w.l(indicate_semi.o)
    0x0800050a   0x0800050a   0x00000002   PAD
    0x0800050c   0x0800050c   0x0000008c   Code   RO           13    i.Analysis          com.o
    0x08000598   0x08000598   0x00000002   Code   RO          313    i.BusFault_Handler  stm32f4xx_it.o
    0x0800059a   0x0800059a   0x00000002   PAD
    0x0800059c   0x0800059c   0x000000ac   Code   RO           14    i.ComRX             com.o
    0x08000648   0x08000648   0x0000001e   Code   RO           15    i.ComTX             com.o
    0x08000666   0x08000666   0x00000002   PAD
    0x08000668   0x08000668   0x0000000c   Code   RO          314    i.DMA1_Stream0_IRQHandler  stm32f4xx_it.o
    0x08000674   0x08000674   0x0000000c   Code   RO          315    i.DMA1_Stream1_IRQHandler  stm32f4xx_it.o
    0x08000680   0x08000680   0x0000000c   Code   RO          316    i.DMA1_Stream2_IRQHandler  stm32f4xx_it.o
    0x0800068c   0x0800068c   0x0000000c   Code   RO          317    i.DMA1_Stream3_IRQHandler  stm32f4xx_it.o
    0x08000698   0x08000698   0x0000000c   Code   RO          318    i.DMA1_Stream4_IRQHandler  stm32f4xx_it.o
    0x080006a4   0x080006a4   0x0000000c   Code   RO          319    i.DMA1_Stream5_IRQHandler  stm32f4xx_it.o
    0x080006b0   0x080006b0   0x0000000c   Code   RO          320    i.DMA1_Stream6_IRQHandler  stm32f4xx_it.o
    0x080006bc   0x080006bc   0x0000000c   Code   RO          321    i.DMA1_Stream7_IRQHandler  stm32f4xx_it.o
    0x080006c8   0x080006c8   0x0000000c   Code   RO          322    i.DMA2_Stream1_IRQHandler  stm32f4xx_it.o
    0x080006d4   0x080006d4   0x0000000c   Code   RO          323    i.DMA2_Stream2_IRQHandler  stm32f4xx_it.o
    0x080006e0   0x080006e0   0x0000000c   Code   RO          324    i.DMA2_Stream6_IRQHandler  stm32f4xx_it.o
    0x080006ec   0x080006ec   0x0000000c   Code   RO          325    i.DMA2_Stream7_IRQHandler  stm32f4xx_it.o
    0x080006f8   0x080006f8   0x00000028   Code   RO         1939    i.DMA_CalcBaseAndBitshift  stm32f4xx_hal_dma.o
    0x08000720   0x08000720   0x00000054   Code   RO         1940    i.DMA_CheckFifoParam  stm32f4xx_hal_dma.o
    0x08000774   0x08000774   0x00000028   Code   RO         1941    i.DMA_SetConfig     stm32f4xx_hal_dma.o
    0x0800079c   0x0800079c   0x00000002   Code   RO          326    i.DebugMon_Handler  stm32f4xx_it.o
    0x0800079e   0x0800079e   0x00000004   Code   RO          202    i.Error_Handler     main.o
    0x080007a2   0x080007a2   0x0000008e   Code   RO         1942    i.HAL_DMA_Abort     stm32f4xx_hal_dma.o
    0x08000830   0x08000830   0x00000024   Code   RO         1943    i.HAL_DMA_Abort_IT  stm32f4xx_hal_dma.o
    0x08000854   0x08000854   0x000001a0   Code   RO         1947    i.HAL_DMA_IRQHandler  stm32f4xx_hal_dma.o
    0x080009f4   0x080009f4   0x000000d4   Code   RO         1948    i.HAL_DMA_Init      stm32f4xx_hal_dma.o
    0x08000ac8   0x08000ac8   0x0000006e   Code   RO         1952    i.HAL_DMA_Start_IT  stm32f4xx_hal_dma.o
    0x08000b36   0x08000b36   0x00000002   PAD
    0x08000b38   0x08000b38   0x000001b8   Code   RO         1835    i.HAL_GPIO_Init     stm32f4xx_hal_gpio.o
    0x08000cf0   0x08000cf0   0x0000000c   Code   RO         2367    i.HAL_GetTick       stm32f4xx_hal.o
    0x08000cfc   0x08000cfc   0x00000010   Code   RO         2373    i.HAL_IncTick       stm32f4xx_hal.o
    0x08000d0c   0x08000d0c   0x00000034   Code   RO         2374    i.HAL_Init          stm32f4xx_hal.o
    0x08000d40   0x08000d40   0x00000040   Code   RO         2375    i.HAL_InitTick      stm32f4xx_hal.o
    0x08000d80   0x08000d80   0x00000034   Code   RO          503    i.HAL_MspInit       stm32f4xx_hal_msp.o
    0x08000db4   0x08000db4   0x0000001a   Code   RO         2224    i.HAL_NVIC_EnableIRQ  stm32f4xx_hal_cortex.o
    0x08000dce   0x08000dce   0x00000002   PAD
    0x08000dd0   0x08000dd0   0x00000040   Code   RO         2230    i.HAL_NVIC_SetPriority  stm32f4xx_hal_cortex.o
    0x08000e10   0x08000e10   0x00000024   Code   RO         2231    i.HAL_NVIC_SetPriorityGrouping  stm32f4xx_hal_cortex.o
    0x08000e34   0x08000e34   0x00000134   Code   RO         1481    i.HAL_RCC_ClockConfig  stm32f4xx_hal_rcc.o
    0x08000f68   0x08000f68   0x00000020   Code   RO         1488    i.HAL_RCC_GetPCLK1Freq  stm32f4xx_hal_rcc.o
    0x08000f88   0x08000f88   0x00000020   Code   RO         1489    i.HAL_RCC_GetPCLK2Freq  stm32f4xx_hal_rcc.o
    0x08000fa8   0x08000fa8   0x00000060   Code   RO         1490    i.HAL_RCC_GetSysClockFreq  stm32f4xx_hal_rcc.o
    0x08001008   0x08001008   0x0000035c   Code   RO         1493    i.HAL_RCC_OscConfig  stm32f4xx_hal_rcc.o
    0x08001364   0x08001364   0x00000028   Code   RO         2235    i.HAL_SYSTICK_Config  stm32f4xx_hal_cortex.o
    0x0800138c   0x0800138c   0x00000002   Code   RO         1229    i.HAL_TIMEx_BreakCallback  stm32f4xx_hal_tim_ex.o
    0x0800138e   0x0800138e   0x00000002   Code   RO         1230    i.HAL_TIMEx_CommutCallback  stm32f4xx_hal_tim_ex.o
    0x08001390   0x08001390   0x00000054   Code   RO         1232    i.HAL_TIMEx_ConfigBreakDeadTime  stm32f4xx_hal_tim_ex.o
    0x080013e4   0x080013e4   0x00000090   Code   RO         1247    i.HAL_TIMEx_MasterConfigSynchronization  stm32f4xx_hal_tim_ex.o
    0x08001474   0x08001474   0x00000036   Code   RO          554    i.HAL_TIM_Base_Init  stm32f4xx_hal_tim.o
    0x080014aa   0x080014aa   0x00000002   PAD
    0x080014ac   0x080014ac   0x0000003c   Code   RO          505    i.HAL_TIM_Base_MspInit  stm32f4xx_hal_msp.o
    0x080014e8   0x080014e8   0x000000d6   Code   RO          563    i.HAL_TIM_ConfigClockSource  stm32f4xx_hal_tim.o
    0x080015be   0x080015be   0x00000002   Code   RO          583    i.HAL_TIM_IC_CaptureCallback  stm32f4xx_hal_tim.o
    0x080015c0   0x080015c0   0x00000056   Code   RO          593    i.HAL_TIM_IC_Start_IT  stm32f4xx_hal_tim.o
    0x08001616   0x08001616   0x00000166   Code   RO          597    i.HAL_TIM_IRQHandler  stm32f4xx_hal_tim.o
    0x0800177c   0x0800177c   0x00000002   Code   RO          600    i.HAL_TIM_OC_DelayElapsedCallback  stm32f4xx_hal_tim.o
    0x0800177e   0x0800177e   0x000000d0   Code   RO          621    i.HAL_TIM_PWM_ConfigChannel  stm32f4xx_hal_tim.o
    0x0800184e   0x0800184e   0x00000036   Code   RO          624    i.HAL_TIM_PWM_Init  stm32f4xx_hal_tim.o
    0x08001884   0x08001884   0x00000002   Code   RO          626    i.HAL_TIM_PWM_MspInit  stm32f4xx_hal_tim.o
    0x08001886   0x08001886   0x00000002   Code   RO          627    i.HAL_TIM_PWM_PulseFinishedCallback  stm32f4xx_hal_tim.o
    0x08001888   0x08001888   0x00000044   Code   RO          629    i.HAL_TIM_PWM_Start  stm32f4xx_hal_tim.o
    0x080018cc   0x080018cc   0x00000002   Code   RO          635    i.HAL_TIM_PeriodElapsedCallback  stm32f4xx_hal_tim.o
    0x080018ce   0x080018ce   0x00000002   Code   RO          640    i.HAL_TIM_TriggerCallback  stm32f4xx_hal_tim.o
    0x080018d0   0x080018d0   0x00000058   Code   RO         2631    i.HAL_UART_DMAStop  stm32f4xx_hal_uart.o
    0x08001928   0x08001928   0x00000002   Code   RO         2633    i.HAL_UART_ErrorCallback  stm32f4xx_hal_uart.o
    0x0800192a   0x0800192a   0x00000002   PAD
    0x0800192c   0x0800192c   0x00000114   Code   RO         2636    i.HAL_UART_IRQHandler  stm32f4xx_hal_uart.o
    0x08001a40   0x08001a40   0x00000062   Code   RO         2637    i.HAL_UART_Init     stm32f4xx_hal_uart.o
    0x08001aa2   0x08001aa2   0x00000002   PAD
    0x08001aa4   0x08001aa4   0x000004c8   Code   RO          507    i.HAL_UART_MspInit  stm32f4xx_hal_msp.o
    0x08001f6c   0x08001f6c   0x00000098   Code   RO         2641    i.HAL_UART_Receive_DMA  stm32f4xx_hal_uart.o
    0x08002004   0x08002004   0x00000002   Code   RO         2643    i.HAL_UART_RxCpltCallback  stm32f4xx_hal_uart.o
    0x08002006   0x08002006   0x00000002   Code   RO         2644    i.HAL_UART_RxHalfCpltCallback  stm32f4xx_hal_uart.o
    0x08002008   0x08002008   0x00000080   Code   RO         2646    i.HAL_UART_Transmit_DMA  stm32f4xx_hal_uart.o
    0x08002088   0x08002088   0x00000002   Code   RO         2648    i.HAL_UART_TxCpltCallback  stm32f4xx_hal_uart.o
    0x0800208a   0x0800208a   0x00000002   Code   RO         2649    i.HAL_UART_TxHalfCpltCallback  stm32f4xx_hal_uart.o
    0x0800208c   0x0800208c   0x00000002   Code   RO          327    i.HardFault_Handler  stm32f4xx_it.o
    0x0800208e   0x0800208e   0x00000002   PAD
    0x08002090   0x08002090   0x000000ec   Code   RO          203    i.MX_DMA_Init       main.o
    0x0800217c   0x0800217c   0x0000005c   Code   RO          204    i.MX_GPIO_Init      main.o
    0x080021d8   0x080021d8   0x000000e0   Code   RO          205    i.MX_TIM1_Init      main.o
    0x080022b8   0x080022b8   0x0000004c   Code   RO          206    i.MX_UART4_Init     main.o
    0x08002304   0x08002304   0x0000004c   Code   RO          207    i.MX_UART5_Init     main.o
    0x08002350   0x08002350   0x00000050   Code   RO          208    i.MX_USART1_UART_Init  main.o
    0x080023a0   0x080023a0   0x00000050   Code   RO          209    i.MX_USART2_UART_Init  main.o
    0x080023f0   0x080023f0   0x00000050   Code   RO          210    i.MX_USART3_UART_Init  main.o
    0x08002440   0x08002440   0x00000058   Code   RO          211    i.MX_USART6_UART_Init  main.o
    0x08002498   0x08002498   0x00000002   Code   RO          328    i.MemManage_Handler  stm32f4xx_it.o
    0x0800249a   0x0800249a   0x00000002   Code   RO          329    i.NMI_Handler       stm32f4xx_it.o
    0x0800249c   0x0800249c   0x00000002   Code   RO          330    i.PendSV_Handler    stm32f4xx_it.o
    0x0800249e   0x0800249e   0x00000002   Code   RO          331    i.SVC_Handler       stm32f4xx_it.o
    0x080024a0   0x080024a0   0x00000004   Code   RO          332    i.SysTick_Handler   stm32f4xx_it.o
    0x080024a4   0x080024a4   0x00000094   Code   RO          212    i.SystemClock_Config  main.o
    0x08002538   0x08002538   0x0000001c   Code   RO         2939    i.SystemInit        system_stm32f4xx.o
    0x08002554   0x08002554   0x0000002c   Code   RO          333    i.TIM1_UP_TIM10_IRQHandler  stm32f4xx_it.o
    0x08002580   0x08002580   0x000000c8   Code   RO          642    i.TIM_Base_SetConfig  stm32f4xx_hal_tim.o
    0x08002648   0x08002648   0x0000001a   Code   RO          643    i.TIM_CCxChannelCmd  stm32f4xx_hal_tim.o
    0x08002662   0x08002662   0x00000014   Code   RO          653    i.TIM_ETR_SetConfig  stm32f4xx_hal_tim.o
    0x08002676   0x08002676   0x00000010   Code   RO          654    i.TIM_ITRx_SetConfig  stm32f4xx_hal_tim.o
    0x08002686   0x08002686   0x00000002   PAD
    0x08002688   0x08002688   0x00000060   Code   RO          655    i.TIM_OC1_SetConfig  stm32f4xx_hal_tim.o
    0x080026e8   0x080026e8   0x0000006c   Code   RO          656    i.TIM_OC2_SetConfig  stm32f4xx_hal_tim.o
    0x08002754   0x08002754   0x00000068   Code   RO          657    i.TIM_OC3_SetConfig  stm32f4xx_hal_tim.o
    0x080027bc   0x080027bc   0x00000050   Code   RO          658    i.TIM_OC4_SetConfig  stm32f4xx_hal_tim.o
    0x0800280c   0x0800280c   0x00000022   Code   RO          660    i.TIM_TI1_ConfigInputStage  stm32f4xx_hal_tim.o
    0x0800282e   0x0800282e   0x00000024   Code   RO          662    i.TIM_TI2_ConfigInputStage  stm32f4xx_hal_tim.o
    0x08002852   0x08002852   0x00000002   PAD
    0x08002854   0x08002854   0x0000004c   Code   RO          334    i.UART4_IRQHandler  stm32f4xx_it.o
    0x080028a0   0x080028a0   0x0000004c   Code   RO          335    i.UART5_IRQHandler  stm32f4xx_it.o
    0x080028ec   0x080028ec   0x00000010   Code   RO         2650    i.UART_DMAAbortOnError  stm32f4xx_hal_uart.o
    0x080028fc   0x080028fc   0x0000004a   Code   RO         2651    i.UART_DMAError     stm32f4xx_hal_uart.o
    0x08002946   0x08002946   0x0000003c   Code   RO         2652    i.UART_DMAReceiveCplt  stm32f4xx_hal_uart.o
    0x08002982   0x08002982   0x0000000a   Code   RO         2654    i.UART_DMARxHalfCplt  stm32f4xx_hal_uart.o
    0x0800298c   0x0800298c   0x0000002e   Code   RO         2656    i.UART_DMATransmitCplt  stm32f4xx_hal_uart.o
    0x080029ba   0x080029ba   0x0000000a   Code   RO         2658    i.UART_DMATxHalfCplt  stm32f4xx_hal_uart.o
    0x080029c4   0x080029c4   0x0000001c   Code   RO         2660    i.UART_EndRxTransfer  stm32f4xx_hal_uart.o
    0x080029e0   0x080029e0   0x00000012   Code   RO         2661    i.UART_EndTxTransfer  stm32f4xx_hal_uart.o
    0x080029f2   0x080029f2   0x00000096   Code   RO         2662    i.UART_Receive_IT   stm32f4xx_hal_uart.o
    0x08002a88   0x08002a88   0x00000128   Code   RO         2663    i.UART_SetConfig    stm32f4xx_hal_uart.o
    0x08002bb0   0x08002bb0   0x00000062   Code   RO         2664    i.UART_Transmit_IT  stm32f4xx_hal_uart.o
    0x08002c12   0x08002c12   0x00000002   PAD
    0x08002c14   0x08002c14   0x0000004c   Code   RO          336    i.USART1_IRQHandler  stm32f4xx_it.o
    0x08002c60   0x08002c60   0x0000004c   Code   RO          337    i.USART2_IRQHandler  stm32f4xx_it.o
    0x08002cac   0x08002cac   0x0000004c   Code   RO          338    i.USART3_IRQHandler  stm32f4xx_it.o
    0x08002cf8   0x08002cf8   0x00000088   Code   RO          339    i.USART6_IRQHandler  stm32f4xx_it.o
    0x08002d80   0x08002d80   0x0000002c   Code   RO           16    i.Uart1_Send_Data   com.o
    0x08002dac   0x08002dac   0x0000002c   Code   RO           17    i.Uart2_Send_Data   com.o
    0x08002dd8   0x08002dd8   0x0000002c   Code   RO           19    i.Uart4_Send_Data   com.o
    0x08002e04   0x08002e04   0x0000002c   Code   RO           20    i.Uart5_Send_Data   com.o
    0x08002e30   0x08002e30   0x00000002   Code   RO          340    i.UsageFault_Handler  stm32f4xx_it.o
    0x08002e32   0x08002e32   0x00000020   Code   RO         2237    i.__NVIC_SetPriority  stm32f4xx_hal_cortex.o
    0x08002e52   0x08002e52   0x00000002   PAD
    0x08002e54   0x08002e54   0x0000005c   Code   RO          213    i.main              main.o
    0x08002eb0   0x08002eb0   0x00000090   Code   RO           22    i.percentage        com.o
    0x08002f40   0x08002f40   0x0000000a   Code   RO         3094    x$fpl$fpinit        fz_wm.l(fpinit.o)
    0x08002f4a   0x08002f4a   0x000000c0   Data   RO           25    .constdata          com.o
    0x0800300a   0x0800300a   0x00000008   Data   RO         1954    .constdata          stm32f4xx_hal_dma.o
    0x08003012   0x08003012   0x00000010   Data   RO         2940    .constdata          system_stm32f4xx.o
    0x08003022   0x08003022   0x00000008   Data   RO         2941    .constdata          system_stm32f4xx.o
    0x0800302a   0x0800302a   0x00000002   PAD
    0x0800302c   0x0800302c   0x00000020   Data   RO         3150    Region$$Table       anon$$obj.o


    Execution Region RW_IRAM1 (Exec base: 0x20000000, Load base: 0x0800304c, Size: 0x00000dd8, Max: 0x0001c000, ABSOLUTE)

    Exec Addr    Load Addr    Size         Type   Attr      Idx    E Section Name        Object

    0x20000000   0x0800304c   0x0000000e   Data   RW           26    .data               com.o
    0x2000000e   0x0800305a   0x00000004   Data   RW          227    .data               main.o
    0x20000012   0x0800305e   0x00000002   Data   RW          228    .data               main.o
    0x20000014   0x08003060   0x00000007   Data   RW          229    .data               main.o
    0x2000001b   0x08003067   0x00000001   PAD
    0x2000001c   0x08003068   0x0000000c   Data   RW         2381    .data               stm32f4xx_hal.o
    0x20000028   0x08003074   0x00000004   Data   RW         2942    .data               system_stm32f4xx.o
    0x2000002c        -       0x0000009e   Zero   RW           23    .bss                com.o
    0x200000ca   0x08003078   0x00000002   PAD
    0x200000cc        -       0x0000022c   Zero   RW          214    .bss                main.o
    0x200002f8        -       0x00000060   Zero   RW          215    .bss                main.o
    0x20000358        -       0x00000060   Zero   RW          216    .bss                main.o
    0x200003b8        -       0x00000060   Zero   RW          217    .bss                main.o
    0x20000418        -       0x00000060   Zero   RW          218    .bss                main.o
    0x20000478        -       0x00000060   Zero   RW          219    .bss                main.o
    0x200004d8        -       0x00000060   Zero   RW          220    .bss                main.o
    0x20000538        -       0x00000060   Zero   RW          221    .bss                main.o
    0x20000598        -       0x00000060   Zero   RW          222    .bss                main.o
    0x200005f8        -       0x00000060   Zero   RW          223    .bss                main.o
    0x20000658        -       0x00000060   Zero   RW          224    .bss                main.o
    0x200006b8        -       0x00000060   Zero   RW          225    .bss                main.o
    0x20000718        -       0x00000060   Zero   RW          226    .bss                main.o
    0x20000778        -       0x00000060   Zero   RW         3024    .bss                c_w.l(libspace.o)
    0x200007d8        -       0x00000200   Zero   RW            2    HEAP                startup_stm32f405xx.o
    0x200009d8        -       0x00000400   Zero   RW            1    STACK               startup_stm32f405xx.o


    Execution Region RW_IRAM2 (Exec base: 0x2001c000, Load base: 0x08003078, Size: 0x00000000, Max: 0x00004000, ABSOLUTE)

    **** No section assigned to this execution region ****


==============================================================================

Image component sizes


      Code (inc. data)   RO Data    RW Data    ZI Data      Debug   Object Name

       662         84        192         14        158     642329   com.o
      1276        106          0         13       1708       9019   main.o
        64         26        392          0       1536        832   startup_stm32f405xx.o
       144         24          0         12          0       8689   stm32f4xx_hal.o
       198         14          0          0          0      33879   stm32f4xx_hal_cortex.o
      1080         16          8          0          0       7238   stm32f4xx_hal_dma.o
       440         46          0          0          0       1712   stm32f4xx_hal_gpio.o
      1336        120          0          0          0       3882   stm32f4xx_hal_msp.o
      1328         72          0          0          0       5156   stm32f4xx_hal_rcc.o
      1774         90          0          0          0      16916   stm32f4xx_hal_tim.o
       232         28          0          0          0       3213   stm32f4xx_hal_tim_ex.o
      1558         44          0          0          0      14365   stm32f4xx_hal_uart.o
       724        192          0          0          0      14968   stm32f4xx_it.o
        28          6         24          4          0       1119   system_stm32f4xx.o

    ----------------------------------------------------------------------
     10868        868        650         44       3404     763317   Object Totals
         0          0         32          0          0          0   (incl. Generated)
        24          0          2          1          2          0   (incl. Padding)

    ----------------------------------------------------------------------

      Code (inc. data)   RO Data    RW Data    ZI Data      Debug   Library Member Name

         8          0          0          0          0         68   __main.o
         0          0          0          0          0          0   __rtentry.o
        12          0          0          0          0          0   __rtentry2.o
         6          0          0          0          0          0   __rtentry4.o
        52          8          0          0          0          0   __scatter.o
        26          0          0          0          0          0   __scatter_copy.o
        28          0          0          0          0          0   __scatter_zi.o
        18          0          0          0          0         80   exit.o
         6          0          0          0          0        152   heapauxi.o
         0          0          0          0          0          0   indicate_semi.o
         2          0          0          0          0          0   libinit.o
         6          0          0          0          0          0   libinit2.o
         2          0          0          0          0          0   libshutdown.o
         2          0          0          0          0          0   libshutdown2.o
         8          4          0          0         96         68   libspace.o
       238          0          0          0          0        100   lludivv7m.o
        78          0          0          0          0         80   rt_memclr_w.o
       138          0          0          0          0         68   rt_memcpy_v6.o
       100          0          0          0          0         80   rt_memcpy_w.o
         2          0          0          0          0          0   rtexit.o
        10          0          0          0          0          0   rtexit2.o
        12          4          0          0          0         68   sys_exit.o
        74          0          0          0          0         80   sys_stackheap_outer.o
         2          0          0          0          0         68   use_no_semi.o
        10          0          0          0          0        116   fpinit.o

    ----------------------------------------------------------------------
       846         16          0          0         96       1028   Library Totals
         6          0          0          0          0          0   (incl. Padding)

    ----------------------------------------------------------------------

      Code (inc. data)   RO Data    RW Data    ZI Data      Debug   Library Name

       830         16          0          0         96        912   c_w.l
        10          0          0          0          0        116   fz_wm.l

    ----------------------------------------------------------------------
       846         16          0          0         96       1028   Library Totals

    ----------------------------------------------------------------------

==============================================================================


      Code (inc. data)   RO Data    RW Data    ZI Data      Debug   

     11714        884        650         44       3500     752381   Grand Totals
     11714        884        650         44       3500     752381   ELF Image Totals
     11714        884        650         44          0          0   ROM Totals

==============================================================================

    Total RO  Size (Code + RO Data)                12364 (  12.07kB)
    Total RW  Size (RW Data + ZI Data)              3544 (   3.46kB)
    Total ROM Size (Code + RO Data + RW Data)      12408 (  12.12kB)

==============================================================================

